client/src/components/panels/client-panel.tsx(24,24): error TS7053: Element implicitly has an 'any' type because expression of type '0' can't be used to index type '{}'.
  Property '0' does not exist on type '{}'.
client/src/components/panels/finance-panel.tsx(68,30): error TS2339: Property 'receivables' does not exist on type '{}'.
client/src/components/panels/finance-panel.tsx(77,30): error TS2339: Property 'payables' does not exist on type '{}'.
client/src/components/panels/finance-panel.tsx(86,30): error TS2339: Property 'balance' does not exist on type '{}'.
client/src/components/panels/finance-panel.tsx(95,30): error TS2339: Property 'pendingCommissions' does not exist on type '{}'.
client/src/components/panels/finance-panel.tsx(154,28): error TS2339: Property 'map' does not exist on type '{}'.
client/src/components/panels/producer-panel.tsx(79,46): error TS2339: Property 'filter' does not exist on type '{}'.
client/src/components/panels/producer-panel.tsx(83,47): error TS2339: Property 'filter' does not exist on type '{}'.
client/src/components/panels/producer-panel.tsx(89,42): error TS2339: Property 'filter' does not exist on type '{}'.
client/src/components/panels/producer-panel.tsx(93,42): error TS2339: Property 'filter' does not exist on type '{}'.
client/src/components/panels/producer-panel.tsx(101,41): error TS2339: Property 'filter' does not exist on type '{}'.
client/src/components/panels/producer-panel.tsx(106,30): error TS2339: Property 'length' does not exist on type '{}'.
client/src/components/panels/producer-panel.tsx(223,50): error TS2339: Property 'length' does not exist on type '{}'.
client/src/components/panels/producer-panel.tsx(233,55): error TS2339: Property 'length' does not exist on type '{}'.
client/src/components/panels/producer-panel.tsx(235,19): error TS2322: Type 'unknown' is not assignable to type 'ReactNode'.
client/src/components/panels/producer-panel.tsx(236,45): error TS7053: Element implicitly has an 'any' type because expression of type '0' can't be used to index type '{}'.
  Property '0' does not exist on type '{}'.
client/src/components/panels/producer-panel.tsx(243,33): error TS2339: Property 'slice' does not exist on type '{}'.
client/src/components/panels/vendor-panel.tsx(108,41): error TS2339: Property 'filter' does not exist on type '{}'.
client/src/components/panels/vendor-panel.tsx(111,37): error TS2339: Property 'filter' does not exist on type '{}'.
client/src/components/panels/vendor-panel.tsx(163,39): error TS2339: Property 'confirmedOrders' does not exist on type '{}'.
client/src/components/panels/vendor-panel.tsx(261,49): error TS2339: Property 'find' does not exist on type '{}'.
client/src/components/panels/vendor-panel.tsx(262,56): error TS2339: Property 'find' does not exist on type '{}'.
client/src/pages/admin/branches.tsx(153,64): error TS2339: Property 'id' does not exist on type 'never'.
client/src/pages/admin/branches.tsx(357,24): error TS2339: Property 'map' does not exist on type '{}'.
client/src/pages/admin/branches.tsx(450,35): error TS2339: Property 'length' does not exist on type '{}'.
client/src/pages/admin/budgets.tsx(202,40): error TS2322: Type 'unknown' is not assignable to type 'string'.
client/src/pages/admin/budgets.tsx(215,47): error TS7006: Parameter 'acc' implicitly has an 'any' type.
client/src/pages/admin/budgets.tsx(215,52): error TS7006: Parameter 'product' implicitly has an 'any' type.
client/src/pages/admin/budgets.tsx(502,33): error TS2345: Argument of type 'number' is not assignable to parameter of type 'string'.
client/src/pages/admin/budgets.tsx(513,33): error TS2345: Argument of type 'number' is not assignable to parameter of type 'string'.
client/src/pages/admin/budgets.tsx(691,48): error TS2552: Cannot find name 'budgetId'. Did you mean 'budgets'?
client/src/pages/admin/budgets.tsx(840,20): error TS18046: 'error' is of type 'unknown'.
client/src/pages/admin/budgets.tsx(841,18): error TS18046: 'error' is of type 'unknown'.
client/src/pages/admin/budgets.tsx(846,27): error TS18046: 'error' is of type 'unknown'.
client/src/pages/admin/budgets.tsx(2342,83): error TS2345: Argument of type 'number' is not assignable to parameter of type 'string'.
client/src/pages/admin/budgets.tsx(2345,50): error TS2345: Argument of type 'number' is not assignable to parameter of type 'string'.
client/src/pages/admin/budgets.tsx(2362,72): error TS2345: Argument of type 'number' is not assignable to parameter of type 'string'.
client/src/pages/admin/budgets.tsx(2364,54): error TS2345: Argument of type 'number' is not assignable to parameter of type 'string'.
client/src/pages/admin/budgets.tsx(2423,43): error TS2345: Argument of type 'number' is not assignable to parameter of type 'string'.
client/src/pages/admin/budgets.tsx(2435,123): error TS2345: Argument of type 'number' is not assignable to parameter of type 'string'.
client/src/pages/admin/budgets.tsx(3046,24): error TS2304: Cannot find name 'DollarSign'.
client/src/pages/admin/budgets.tsx(3246,58): error TS2345: Argument of type '(producer: string, index: number) => JSX.Element' is not assignable to parameter of type '(value: unknown, index: number, array: unknown[]) => Element'.
  Types of parameters 'producer' and 'value' are incompatible.
    Type 'unknown' is not assignable to type 'string'.
client/src/pages/admin/clients.tsx(913,37): error TS2339: Property 'map' does not exist on type '{}'.
client/src/pages/admin/clients.tsx(965,27): error TS2339: Property 'map' does not exist on type '{}'.
client/src/pages/admin/clients.tsx(1046,45): error TS2339: Property 'find' does not exist on type '{}'.
client/src/pages/admin/clients.tsx(1129,41): error TS2339: Property 'find' does not exist on type '{}'.
client/src/pages/admin/clients.tsx(1352,51): error TS2339: Property 'find' does not exist on type '{}'.
client/src/pages/admin/clients.tsx(1860,35): error TS2339: Property 'map' does not exist on type '{}'.
client/src/pages/admin/commission-management.tsx(315,41): error TS2339: Property 'filter' does not exist on type '{}'.
client/src/pages/admin/commission-management.tsx(490,27): error TS2339: Property 'map' does not exist on type '{}'.
client/src/pages/admin/commission-management.tsx(564,28): error TS2339: Property 'map' does not exist on type '{}'.
client/src/pages/admin/commission-management.tsx(666,41): error TS2339: Property 'length' does not exist on type '{}'.
client/src/pages/admin/commission-settings.tsx(110,10): error TS18046: 'vendors' is of type 'unknown'.
client/src/pages/admin/commission-settings.tsx(196,8): error TS18046: 'vendors' is of type 'unknown'.
client/src/pages/admin/orders.tsx(263,34): error TS2339: Property 'filter' does not exist on type '{}'.
client/src/pages/admin/orders.tsx(331,29): error TS2339: Property 'map' does not exist on type '{}'.
client/src/pages/admin/orders.tsx(344,29): error TS2339: Property 'map' does not exist on type '{}'.
client/src/pages/admin/orders.tsx(870,32): error TS2698: Spread types may only be created from object types.
client/src/pages/admin/orders.tsx(936,55): error TS2339: Property 'orderNumber' does not exist on type '{}'.
client/src/pages/admin/orders.tsx(940,25): error TS2339: Property 'clientName' does not exist on type '{}'.
client/src/pages/admin/orders.tsx(944,25): error TS2339: Property 'contactPhone' does not exist on type '{}'.
client/src/pages/admin/orders.tsx(944,47): error TS2339: Property 'clientPhone' does not exist on type '{}'.
client/src/pages/admin/orders.tsx(948,25): error TS2339: Property 'contactEmail' does not exist on type '{}'.
client/src/pages/admin/orders.tsx(948,47): error TS2339: Property 'clientEmail' does not exist on type '{}'.
client/src/pages/admin/orders.tsx(953,24): error TS2339: Property 'shippingAddress' does not exist on type '{}'.
client/src/pages/admin/orders.tsx(953,49): error TS2339: Property 'clientAddress' does not exist on type '{}'.
client/src/pages/admin/orders.tsx(958,25): error TS2339: Property 'vendorName' does not exist on type '{}'.
client/src/pages/admin/orders.tsx(969,39): error TS2339: Property 'status' does not exist on type '{}'.
client/src/pages/admin/orders.tsx(971,32): error TS2339: Property 'status' does not exist on type '{}'.
client/src/pages/admin/orders.tsx(972,94): error TS2339: Property 'id' does not exist on type '{}'.
client/src/pages/admin/orders.tsx(991,38): error TS2339: Property 'totalValue' does not exist on type '{}'.
client/src/pages/admin/orders.tsx(997,38): error TS2339: Property 'paidValue' does not exist on type '{}'.
client/src/pages/admin/orders.tsx(1003,38): error TS2339: Property 'shippingCost' does not exist on type '{}'.
client/src/pages/admin/orders.tsx(1008,25): error TS2339: Property 'deadline' does not exist on type '{}'.
client/src/pages/admin/orders.tsx(1008,51): error TS2339: Property 'deadline' does not exist on type '{}'.
client/src/pages/admin/orders.tsx(1012,34): error TS2339: Property 'createdAt' does not exist on type '{}'.
client/src/pages/admin/orders.tsx(1019,14): error TS2339: Property 'budgetItems' does not exist on type '{}'.
client/src/pages/admin/orders.tsx(1019,35): error TS2339: Property 'budgetItems' does not exist on type '{}'.
client/src/pages/admin/orders.tsx(1021,78): error TS2339: Property 'budgetItems' does not exist on type '{}'.
client/src/pages/admin/orders.tsx(1023,20): error TS2339: Property 'budgetItems' does not exist on type '{}'.
client/src/pages/admin/orders.tsx(1103,45): error TS2339: Property 'length' does not exist on type '{}'.
client/src/pages/admin/orders.tsx(1107,31): error TS2339: Property 'map' does not exist on type '{}'.
client/src/pages/admin/producer-payments.tsx(382,13): error TS2322: Type '{ date: any; setDate: (date: any) => void; }' is not assignable to type 'IntrinsicAttributes & DatePickerWithRangeProps'.
  Property 'setDate' does not exist on type 'IntrinsicAttributes & DatePickerWithRangeProps'.
client/src/pages/admin/producer-payments.tsx(382,23): error TS7006: Parameter 'date' implicitly has an 'any' type.
client/src/pages/admin/products.tsx(110,62): error TS2339: Property 'id' does not exist on type '{}'.
client/src/pages/admin/products.tsx(111,33): error TS2339: Property 'id' does not exist on type '{}'.
client/src/pages/admin/products.tsx(118,48): error TS2339: Property 'taxRate' does not exist on type '{}'.
client/src/pages/admin/products.tsx(119,55): error TS2339: Property 'commissionRate' does not exist on type '{}'.
client/src/pages/admin/products.tsx(435,41): error TS7006: Parameter 'product' implicitly has an 'any' type.
client/src/pages/admin/products.tsx(436,37): error TS7006: Parameter 'p' implicitly has an 'any' type.
client/src/pages/admin/products.tsx(444,33): error TS2802: Type 'Set<unknown>' can only be iterated through when using the '--downlevelIteration' flag or with a '--target' of 'es2015' or higher.
client/src/pages/admin/products.tsx(720,92): error TS7006: Parameter 'p' implicitly has an 'any' type.
client/src/pages/admin/products.tsx(965,74): error TS2345: Argument of type 'unknown' is not assignable to parameter of type 'PricingSettingsLike | null | undefined'.
client/src/pages/admin/reports.tsx(201,38): error TS7006: Parameter 'v' implicitly has an 'any' type.
client/src/pages/admin/reports.tsx(303,43): error TS7006: Parameter 'o' implicitly has an 'any' type.
client/src/pages/admin/reports.tsx(304,46): error TS7006: Parameter 'o' implicitly has an 'any' type.
client/src/pages/admin/reports.tsx(306,51): error TS7006: Parameter 'sum' implicitly has an 'any' type.
client/src/pages/admin/reports.tsx(306,56): error TS7006: Parameter 'o' implicitly has an 'any' type.
client/src/pages/admin/reports.tsx(307,57): error TS7006: Parameter 'sum' implicitly has an 'any' type.
client/src/pages/admin/reports.tsx(307,62): error TS7006: Parameter 'o' implicitly has an 'any' type.
client/src/pages/admin/reports.tsx(716,21): error TS2345: Argument of type 'string' is not assignable to parameter of type 'SetStateAction<string[]>'.
client/src/pages/admin/reports.tsx(1023,36): error TS2367: This comparison appears to be unintentional because the types 'string[]' and 'string' have no overlap.
client/src/pages/admin/tv-dashboard.tsx(650,40): error TS7006: Parameter 'vendor' implicitly has an 'any' type.
client/src/pages/admin/tv-dashboard.tsx(650,48): error TS7006: Parameter 'index' implicitly has an 'any' type.
client/src/pages/admin/tv-dashboard.tsx(681,41): error TS7006: Parameter 'vendor' implicitly has an 'any' type.
client/src/pages/admin/tv-dashboard.tsx(681,49): error TS7006: Parameter 'index' implicitly has an 'any' type.
client/src/pages/admin/tv-dashboard.tsx(712,40): error TS7006: Parameter 'vendor' implicitly has an 'any' type.
client/src/pages/admin/tv-dashboard.tsx(712,48): error TS7006: Parameter 'index' implicitly has an 'any' type.
client/src/pages/admin/tv-dashboard.tsx(932,36): error TS7006: Parameter 'client' implicitly has an 'any' type.
client/src/pages/admin/tv-dashboard.tsx(932,44): error TS7006: Parameter 'index' implicitly has an 'any' type.
client/src/pages/admin/users.tsx(667,45): error TS2339: Property 'map' does not exist on type '{}'.
client/src/pages/admin/vendors.tsx(497,38): error TS2339: Property 'map' does not exist on type '{}'.
client/src/pages/admin/vendors.tsx(549,23): error TS2339: Property 'filter' does not exist on type '{}'.
client/src/pages/admin/vendors.tsx(670,63): error TS2339: Property 'find' does not exist on type '{}'.
client/src/pages/admin/vendors.tsx(763,45): error TS2339: Property 'find' does not exist on type '{}'.
client/src/pages/admin/vendors.tsx(851,41): error TS2339: Property 'find' does not exist on type '{}'.
client/src/pages/admin/vendors.tsx(1019,36): error TS2339: Property 'map' does not exist on type '{}'.
client/src/pages/client/budgets.tsx(175,46): error TS2339: Property 'length' does not exist on type '{}'.
client/src/pages/client/budgets.tsx(178,44): error TS2339: Property 'length' does not exist on type '{}'.
client/src/pages/client/budgets.tsx(180,30): error TS2339: Property 'map' does not exist on type '{}'.
client/src/pages/client/orders.tsx(7,23): error TS2307: Cannot find module '@/components/ui/use-toast' or its corresponding type declarations.
client/src/pages/ClientRegister.tsx(516,25): error TS2322: Type 'Dispatch<SetStateAction<boolean>>' is not assignable to type '(checked: CheckedState) => void'.
  Types of parameters 'value' and 'checked' are incompatible.
    Type 'CheckedState' is not assignable to type 'SetStateAction<boolean>'.
      Type '"indeterminate"' is not assignable to type 'SetStateAction<boolean>'.
client/src/pages/ClientRegister.tsx(624,25): error TS2322: Type 'Dispatch<SetStateAction<boolean>>' is not assignable to type '(checked: CheckedState) => void'.
  Types of parameters 'value' and 'checked' are incompatible.
    Type 'CheckedState' is not assignable to type 'SetStateAction<boolean>'.
      Type '"indeterminate"' is not assignable to type 'SetStateAction<boolean>'.
client/src/pages/dashboard.tsx(63,41): error TS2339: Property 'reduce' does not exist on type '{}'.
client/src/pages/dashboard.tsx(64,43): error TS2339: Property 'filter' does not exist on type '{}'.
client/src/pages/dashboard.tsx(65,40): error TS2339: Property 'filter' does not exist on type '{}'.
client/src/pages/dashboard.tsx(130,96): error TS2339: Property 'totalOrders' does not exist on type '{}'.
client/src/pages/dashboard.tsx(142,100): error TS2339: Property 'inProduction' does not exist on type '{}'.
client/src/pages/dashboard.tsx(154,100): error TS2339: Property 'totalClients' does not exist on type '{}'.
client/src/pages/dashboard.tsx(166,100): error TS2339: Property 'totalVendors' does not exist on type '{}'.
client/src/pages/dashboard.tsx(178,102): error TS2339: Property 'totalProducers' does not exist on type '{}'.
client/src/pages/dashboard.tsx(187,11): error TS2322: Type 'unknown' is not assignable to type 'ReactNode'.
client/src/pages/dashboard.tsx(193,96): error TS2339: Property 'ordersToday' does not exist on type '{}'.
client/src/pages/dashboard.tsx(206,34): error TS2339: Property 'monthlyRevenue' does not exist on type '{}'.
client/src/pages/dashboard.tsx(220,34): error TS2339: Property 'pendingPayments' does not exist on type '{}'.
client/src/pages/dashboard.tsx(259,38): error TS2339: Property 'length' does not exist on type '{}'.
client/src/pages/dashboard.tsx(265,28): error TS2339: Property 'slice' does not exist on type '{}'.
client/src/pages/dashboard.tsx(307,66): error TS2339: Property 'length' does not exist on type '{}'.
client/src/pages/dashboard.tsx(314,32): error TS2339: Property 'slice' does not exist on type '{}'.
client/src/pages/dashboard.tsx(349,34): error TS2339: Property 'filter' does not exist on type '{}'.
client/src/pages/dashboard.tsx(361,49): error TS2339: Property 'reduce' does not exist on type '{}'.
client/src/pages/dashboard.tsx(362,51): error TS2339: Property 'filter' does not exist on type '{}'.
client/src/pages/dashboard.tsx(466,11): error TS2322: Type 'unknown' is not assignable to type 'ReactNode'.
client/src/pages/dashboard.tsx(530,51): error TS2339: Property 'length' does not exist on type '{}'.
client/src/pages/dashboard.tsx(552,42): error TS2339: Property 'filter' does not exist on type '{}'.
client/src/pages/dashboard.tsx(561,38): error TS2339: Property 'slice' does not exist on type '{}'.
client/src/pages/dashboard.tsx(608,93): error TS2339: Property 'length' does not exist on type '{}'.
client/src/pages/dashboards/admin-dashboard.tsx(91,94): error TS2339: Property 'totalOrders' does not exist on type '{}'.
client/src/pages/dashboards/admin-dashboard.tsx(103,98): error TS2339: Property 'inProduction' does not exist on type '{}'.
client/src/pages/dashboards/admin-dashboard.tsx(115,98): error TS2339: Property 'totalClients' does not exist on type '{}'.
client/src/pages/dashboards/admin-dashboard.tsx(127,98): error TS2339: Property 'totalVendors' does not exist on type '{}'.
client/src/pages/dashboards/admin-dashboard.tsx(139,100): error TS2339: Property 'totalProducers' does not exist on type '{}'.
client/src/pages/dashboards/admin-dashboard.tsx(154,94): error TS2339: Property 'ordersToday' does not exist on type '{}'.
client/src/pages/dashboards/admin-dashboard.tsx(167,42): error TS2339: Property 'monthlyRevenue' does not exist on type '{}'.
client/src/pages/dashboards/admin-dashboard.tsx(181,42): error TS2339: Property 'totalReceivables' does not exist on type '{}'.
client/src/pages/dashboards/admin-dashboard.tsx(195,42): error TS2339: Property 'totalPayables' does not exist on type '{}'.
client/src/pages/dashboards/admin-dashboard.tsx(215,42): error TS2339: Property 'monthlyRevenue' does not exist on type '{}'.
client/src/pages/dashboards/admin-dashboard.tsx(221,42): error TS2339: Property 'monthlyExpenses' does not exist on type '{}'.
client/src/pages/dashboards/admin-dashboard.tsx(227,42): error TS2339: Property 'pendingCommissions' does not exist on type '{}'.
client/src/pages/dashboards/admin-dashboard.tsx(234,46): error TS2339: Property 'monthlyRevenue' does not exist on type '{}'.
client/src/pages/dashboards/admin-dashboard.tsx(234,87): error TS2339: Property 'payables' does not exist on type '{}'.
client/src/pages/dashboards/admin-dashboard.tsx(234,122): error TS2339: Property 'monthlyExpenses' does not exist on type '{}'.
client/src/pages/dashboards/admin-dashboard.tsx(259,36): error TS2339: Property 'length' does not exist on type '{}'.
client/src/pages/dashboards/admin-dashboard.tsx(265,26): error TS2339: Property 'slice' does not exist on type '{}'.
client/src/pages/dashboards/partner-dashboard.tsx(26,20): error TS2339: Property 'filter' does not exist on type '{}'.
client/src/pages/dashboards/partner-dashboard.tsx(36,20): error TS2339: Property 'find' does not exist on type '{}'.
client/src/pages/dashboards/partner-dashboard.tsx(140,98): error TS2339: Property 'length' does not exist on type '{}'.
client/src/pages/dashboards/partner-dashboard.tsx(153,33): error TS2339: Property 'filter' does not exist on type '{}'.
client/src/pages/dashboards/partner-dashboard.tsx(166,103): error TS2339: Property 'length' does not exist on type '{}'.
client/src/pages/dashboards/partner-dashboard.tsx(178,103): error TS2339: Property 'length' does not exist on type '{}'.
client/src/pages/dashboards/partner-dashboard.tsx(190,100): error TS2339: Property 'totalProducers' does not exist on type '{}'.
client/src/pages/dashboards/partner-dashboard.tsx(266,42): error TS2339: Property 'length' does not exist on type '{}'.
client/src/pages/dashboards/partner-dashboard.tsx(272,29): error TS2339: Property 'slice' does not exist on type '{}'.
client/src/pages/dashboards/producer-dashboard.tsx(78,75): error TS2339: Property 'activeOrders' does not exist on type '{}'.
client/src/pages/dashboards/producer-dashboard.tsx(90,77): error TS2339: Property 'pendingOrders' does not exist on type '{}'.
client/src/pages/dashboards/producer-dashboard.tsx(102,77): error TS2339: Property 'inProductionOrders' does not exist on type '{}'.
client/src/pages/dashboards/producer-dashboard.tsx(114,76): error TS2339: Property 'completedOrders' does not exist on type '{}'.
client/src/pages/dashboards/producer-dashboard.tsx(150,54): error TS2339: Property 'length' does not exist on type '{}'.
client/src/pages/dashboards/producer-dashboard.tsx(154,37): error TS2339: Property 'slice' does not exist on type '{}'.
client/src/pages/dashboards/producer-dashboard.tsx(171,37): error TS2339: Property 'length' does not exist on type '{}'.
client/src/pages/finance/expenses.tsx(105,46): error TS2339: Property 'filter' does not exist on type '{}'.
client/src/pages/finance/expenses.tsx(131,43): error TS2339: Property 'reduce' does not exist on type '{}'.
client/src/pages/finance/expenses.tsx(132,46): error TS2339: Property 'filter' does not exist on type '{}'.
client/src/pages/finance/expenses.tsx(133,45): error TS2339: Property 'filter' does not exist on type '{}'.
client/src/pages/finance/expenses.tsx(134,47): error TS2339: Property 'filter' does not exist on type '{}'.
client/src/pages/finance/payables.tsx(330,8): error TS18046: 'producerPayments' is of type 'unknown'.
client/src/pages/finance/payables.tsx(349,8): error TS18046: 'expenses' is of type 'unknown'.
client/src/pages/finance/payables.tsx(366,8): error TS18046: 'commissions' is of type 'unknown'.
client/src/pages/finance/payables.tsx(383,8): error TS18046: 'manualPayables' is of type 'unknown'.
client/src/pages/finance/payables.tsx(401,8): error TS18046: 'manualPayables' is of type 'unknown'.
client/src/pages/finance/payables.tsx(594,24): error TS2353: Object literal may only specify known properties, and 'paymentMethod' does not exist in type 'SetStateAction<{ amount: string; method: string; transactionId: string; notes: string; }>'.
client/src/pages/finance/payables.tsx(628,31): error TS2339: Property 'payablesBreakdown' does not exist on type '{}'.
client/src/pages/finance/payables.tsx(760,19): error TS2322: Type '{ date: any; setDate: (date: any) => void; }' is not assignable to type 'IntrinsicAttributes & DatePickerWithRangeProps'.
  Property 'setDate' does not exist on type 'IntrinsicAttributes & DatePickerWithRangeProps'.
client/src/pages/finance/payables.tsx(760,29): error TS7006: Parameter 'date' implicitly has an 'any' type.
client/src/pages/finance/payables.tsx(815,22): error TS18046: 'branches' is of type 'unknown'.
client/src/pages/finance/payments.tsx(38,47): error TS7006: Parameter 'payment' implicitly has an 'any' type.
client/src/pages/finance/payments.tsx(108,44): error TS7006: Parameter 'payment' implicitly has an 'any' type.
client/src/pages/finance/payments.tsx(127,13): error TS7006: Parameter 'p' implicitly has an 'any' type.
client/src/pages/finance/payments.tsx(128,14): error TS7006: Parameter 'sum' implicitly has an 'any' type.
client/src/pages/finance/payments.tsx(128,19): error TS7006: Parameter 'payment' implicitly has an 'any' type.
client/src/pages/finance/payments.tsx(131,13): error TS7006: Parameter 'p' implicitly has an 'any' type.
client/src/pages/finance/payments.tsx(132,14): error TS7006: Parameter 'sum' implicitly has an 'any' type.
client/src/pages/finance/payments.tsx(132,19): error TS7006: Parameter 'payment' implicitly has an 'any' type.
client/src/pages/finance/payments.tsx(134,45): error TS7006: Parameter 'payment' implicitly has an 'any' type.
client/src/pages/finance/payments.tsx(140,14): error TS7006: Parameter 'sum' implicitly has an 'any' type.
client/src/pages/finance/payments.tsx(140,19): error TS7006: Parameter 'payment' implicitly has an 'any' type.
client/src/pages/finance/payments.tsx(310,42): error TS7006: Parameter 'payment' implicitly has an 'any' type.
client/src/pages/finance/receivables.tsx(253,50): error TS7006: Parameter 'sum' implicitly has an 'any' type.
client/src/pages/finance/receivables.tsx(253,55): error TS7006: Parameter 'r' implicitly has an 'any' type.
client/src/pages/finance/receivables.tsx(259,49): error TS7006: Parameter 'sum' implicitly has an 'any' type.
client/src/pages/finance/receivables.tsx(259,54): error TS7006: Parameter 'r' implicitly has an 'any' type.
client/src/pages/finance/receivables.tsx(260,53): error TS7006: Parameter 'r' implicitly has an 'any' type.
client/src/pages/finance/receivables.tsx(261,53): error TS7006: Parameter 'r' implicitly has an 'any' type.
client/src/pages/finance/receivables.tsx(262,47): error TS7006: Parameter 'r' implicitly has an 'any' type.
client/src/pages/finance/receivables.tsx(263,47): error TS7006: Parameter 'r' implicitly has an 'any' type.
client/src/pages/finance/reconciliation.tsx(339,29): error TS2339: Property 'filter' does not exist on type '{}'.
client/src/pages/finance/reconciliation.tsx(354,29): error TS2339: Property 'filter' does not exist on type '{}'.
client/src/pages/finance/reconciliation.tsx(392,42): error TS2339: Property 'filter' does not exist on type '{}'.
client/src/pages/finance/reconciliation.tsx(393,40): error TS2339: Property 'filter' does not exist on type '{}'.
client/src/pages/finance/reconciliation.tsx(571,35): error TS2339: Property 'length' does not exist on type '{}'.
client/src/pages/finance/reconciliation.tsx(587,34): error TS2339: Property 'filter' does not exist on type '{}'.
client/src/pages/finance/reconciliation.tsx(616,53): error TS2339: Property 'filter' does not exist on type '{}'.
client/src/pages/finance/reconciliation.tsx(620,57): error TS2339: Property 'filter' does not exist on type '{}'.
client/src/pages/finance/reconciliation.tsx(626,33): error TS2339: Property 'filter' does not exist on type '{}'.
client/src/pages/finance/reconciliation.tsx(700,77): error TS2339: Property 'filter' does not exist on type '{}'.
client/src/pages/finance/reconciliation.tsx(711,35): error TS2339: Property 'filter' does not exist on type '{}'.
client/src/pages/finance/reconciliation.tsx(711,117): error TS2339: Property 'filter' does not exist on type '{}'.
client/src/pages/finance/reconciliation.tsx(723,33): error TS2339: Property 'filter' does not exist on type '{}'.
client/src/pages/finance/reconciliation.tsx(775,77): error TS2339: Property 'filter' does not exist on type '{}'.
client/src/pages/finance/reconciliation.tsx(786,35): error TS2339: Property 'filter' does not exist on type '{}'.
client/src/pages/finance/reconciliation.tsx(786,115): error TS2339: Property 'filter' does not exist on type '{}'.
client/src/pages/finance/reconciliation.tsx(1181,36): error TS2339: Property 'length' does not exist on type '{}'.
client/src/pages/finance/reconciliation.tsx(1187,53): error TS2339: Property 'length' does not exist on type '{}'.
client/src/pages/finance/reconciliation.tsx(1290,26): error TS2339: Property 'slice' does not exist on type '{}'.
client/src/pages/logistics/dashboard.tsx(396,108): error TS7053: Element implicitly has an 'any' type because expression of type 'any' can't be used to index type '{ overdue: string; urgent: string; warning: string; normal: string; }'.
client/src/pages/logistics/dashboard.tsx(397,10): error TS7053: Element implicitly has an 'any' type because expression of type 'any' can't be used to index type '{ overdue: Element; urgent: Element; warning: Element; normal: Element; }'.
client/src/pages/logistics/dashboard.tsx(543,16): error TS7053: Element implicitly has an 'any' type because expression of type 'string' can't be used to index type '{ overdue: number; urgent: number; warning: number; normal: number; }'.
  No index signature with a parameter of type 'string' was found on type '{ overdue: number; urgent: number; warning: number; normal: number; }'.
client/src/pages/logistics/dashboard.tsx(543,49): error TS7053: Element implicitly has an 'any' type because expression of type 'string' can't be used to index type '{ overdue: number; urgent: number; warning: number; normal: number; }'.
  No index signature with a parameter of type 'string' was found on type '{ overdue: number; urgent: number; warning: number; normal: number; }'.
client/src/pages/logistics/dashboard.tsx(634,16): error TS7053: Element implicitly has an 'any' type because expression of type 'string' can't be used to index type '{ overdue: number; urgent: number; warning: number; normal: number; }'.
  No index signature with a parameter of type 'string' was found on type '{ overdue: number; urgent: number; warning: number; normal: number; }'.
client/src/pages/logistics/dashboard.tsx(634,49): error TS7053: Element implicitly has an 'any' type because expression of type 'string' can't be used to index type '{ overdue: number; urgent: number; warning: number; normal: number; }'.
  No index signature with a parameter of type 'string' was found on type '{ overdue: number; urgent: number; warning: number; normal: number; }'.
client/src/pages/logistics/dashboard.tsx(781,96): error TS7006: Parameter 'o' implicitly has an 'any' type.
client/src/pages/logistics/dashboard.tsx(1316,62): error TS7006: Parameter 'o' implicitly has an 'any' type.
client/src/pages/logistics/dashboard.tsx(1449,60): error TS7006: Parameter 'o' implicitly has an 'any' type.
client/src/pages/partner/clients.tsx(289,37): error TS2339: Property 'map' does not exist on type '{}'.
client/src/pages/partner/clients.tsx(343,17): error TS2339: Property 'length' does not exist on type '{}'.
client/src/pages/partner/clients.tsx(351,21): error TS2339: Property 'map' does not exist on type '{}'.
client/src/pages/partner/commission-management.tsx(44,20): error TS2339: Property 'filter' does not exist on type '{}'.
client/src/pages/partner/products.tsx(274,33): error TS2802: Type 'Set<unknown>' can only be iterated through when using the '--downlevelIteration' flag or with a '--target' of 'es2015' or higher.
client/src/pages/partner/vendors.tsx(295,23): error TS2339: Property 'map' does not exist on type '{}'.
client/src/pages/partner/vendors.tsx(396,45): error TS2339: Property 'find' does not exist on type '{}'.
client/src/pages/partner/vendors.tsx(485,41): error TS2339: Property 'find' does not exist on type '{}'.
client/src/pages/producer/order-details.tsx(147,32): error TS2339: Property 'status' does not exist on type '{}'.
client/src/pages/producer/order-details.tsx(154,26): error TS2339: Property 'producerValue' does not exist on type '{}'.
client/src/pages/producer/order-details.tsx(155,51): error TS2339: Property 'producerValue' does not exist on type '{}'.
client/src/pages/producer/order-details.tsx(159,39): error TS2339: Property 'producerNotes' does not exist on type '{}'.
client/src/pages/producer/order-details.tsx(248,39): error TS2339: Property 'id' does not exist on type '{}'.
client/src/pages/producer/order-details.tsx(251,40): error TS2339: Property 'order' does not exist on type '{}'.
client/src/pages/producer/order-details.tsx(255,45): error TS2339: Property 'status' does not exist on type '{}'.
client/src/pages/producer/order-details.tsx(275,38): error TS2339: Property 'orderDetails' does not exist on type '{}'.
client/src/pages/producer/order-details.tsx(276,38): error TS2339: Property 'order' does not exist on type '{}'.
client/src/pages/producer/order-details.tsx(284,36): error TS2339: Property 'producerValue' does not exist on type '{}'.
client/src/pages/producer/order-details.tsx(284,80): error TS2339: Property 'producerValue' does not exist on type '{}'.
client/src/pages/producer/order-details.tsx(287,56): error TS2339: Property 'producerValue' does not exist on type '{}'.
client/src/pages/producer/order-details.tsx(289,40): error TS2339: Property 'status' does not exist on type '{}'.
client/src/pages/producer/order-details.tsx(289,80): error TS2339: Property 'status' does not exist on type '{}'.
client/src/pages/producer/order-details.tsx(314,36): error TS2339: Property 'producerNotes' does not exist on type '{}'.
client/src/pages/producer/order-details.tsx(316,45): error TS2339: Property 'producerNotes' does not exist on type '{}'.
client/src/pages/producer/order-details.tsx(322,32): error TS2339: Property 'order' does not exist on type '{}'.
client/src/pages/producer/order-details.tsx(326,38): error TS2339: Property 'order' does not exist on type '{}'.
client/src/pages/producer/order-details.tsx(334,39): error TS2339: Property 'deadline' does not exist on type '{}'.
client/src/pages/producer/order-details.tsx(334,75): error TS2339: Property 'deadline' does not exist on type '{}'.
client/src/pages/producer/order-details.tsx(338,49): error TS2339: Property 'deliveryDeadline' does not exist on type '{}'.
client/src/pages/producer/order-details.tsx(339,38): error TS2339: Property 'deliveryDeadline' does not exist on type '{}'.
client/src/pages/producer/order-details.tsx(340,48): error TS2339: Property 'deliveryDeadline' does not exist on type '{}'.
client/src/pages/producer/order-details.tsx(347,32): error TS2339: Property 'notes' does not exist on type '{}'.
client/src/pages/producer/order-details.tsx(351,38): error TS2339: Property 'notes' does not exist on type '{}'.
client/src/pages/producer/order-details.tsx(353,36): error TS2339: Property 'lastNoteAt' does not exist on type '{}'.
client/src/pages/producer/order-details.tsx(355,69): error TS2339: Property 'lastNoteAt' does not exist on type '{}'.
client/src/pages/producer/order-details.tsx(368,49): error TS2339: Property 'orderDetails' does not exist on type '{}'.
client/src/pages/producer/order-details.tsx(369,32): error TS2339: Property 'order' does not exist on type '{}'.
client/src/pages/producer/order-details.tsx(370,53): error TS2339: Property 'producerId' does not exist on type '{}'.
client/src/pages/producer/order-details.tsx(371,68): error TS2339: Property 'producerId' does not exist on type '{}'.
client/src/pages/producer/order-details.tsx(510,28): error TS2339: Property 'order' does not exist on type '{}'.
client/src/pages/producer/order-details.tsx(517,81): error TS2339: Property 'order' does not exist on type '{}'.
client/src/pages/producer/order-details.tsx(524,28): error TS2339: Property 'photos' does not exist on type '{}'.
client/src/pages/producer/order-details.tsx(524,54): error TS2339: Property 'photos' does not exist on type '{}'.
client/src/pages/producer/order-details.tsx(531,36): error TS2339: Property 'photos' does not exist on type '{}'.
client/src/pages/producer/order-details.tsx(558,167): error TS2339: Property 'status' does not exist on type '{}'.
client/src/pages/producer/order-details.tsx(559,162): error TS2339: Property 'status' does not exist on type '{}'.
client/src/pages/producer/order-details.tsx(560,149): error TS2339: Property 'status' does not exist on type '{}'.
client/src/pages/producer/order-details.tsx(561,147): error TS2339: Property 'status' does not exist on type '{}'.
client/src/pages/producer/order-details.tsx(562,136): error TS2339: Property 'status' does not exist on type '{}'.
client/src/pages/producer/order-details.tsx(563,102): error TS2339: Property 'status' does not exist on type '{}'.
client/src/pages/producer/order-details.tsx(581,32): error TS2339: Property 'status' does not exist on type '{}'.
client/src/pages/producer/order-details.tsx(603,32): error TS2339: Property 'status' does not exist on type '{}'.
client/src/pages/producer/order-details.tsx(614,32): error TS2339: Property 'status' does not exist on type '{}'.
client/src/pages/producer/order-details.tsx(616,37): error TS2339: Property 'producerValue' does not exist on type '{}'.
client/src/pages/producer/order-details.tsx(616,81): error TS2339: Property 'producerValue' does not exist on type '{}'.
client/src/pages/producer/order-details.tsx(646,88): error TS2339: Property 'status' does not exist on type '{}'.
client/src/pages/producer/order-details.tsx(650,38): error TS2339: Property 'status' does not exist on type '{}'.
client/src/pages/producer/order-details.tsx(651,38): error TS2339: Property 'status' does not exist on type '{}'.
client/src/pages/producer/order-details.tsx(652,38): error TS2339: Property 'status' does not exist on type '{}'.
client/src/pages/producer/order-details.tsx(653,38): error TS2339: Property 'status' does not exist on type '{}'.
client/src/pages/producer/order-details.tsx(656,38): error TS2339: Property 'status' does not exist on type '{}'.
client/src/pages/producer/order-details.tsx(657,85): error TS2339: Property 'status' does not exist on type '{}'.
client/src/pages/producer/order-details.tsx(669,53): error TS2339: Property 'deliveryDeadline' does not exist on type '{}'.
client/src/pages/producer/order-details.tsx(670,48): error TS2339: Property 'deliveryDeadline' does not exist on type '{}'.
client/src/pages/producer/order-details.tsx(682,55): error TS2339: Property 'status' does not exist on type '{}'.
client/src/pages/producer/order-details.tsx(818,62): error TS2339: Property 'orderDetails' does not exist on type '{}'.
client/src/pages/producer/order-details.tsx(819,36): error TS2339: Property 'order' does not exist on type '{}'.
client/src/pages/producer/order-details.tsx(822,65): error TS2339: Property 'orderDetails' does not exist on type '{}'.
client/src/pages/producer/order-details.tsx(823,36): error TS2339: Property 'order' does not exist on type '{}'.
client/src/pages/producer/orders.tsx(128,38): error TS2339: Property 'filter' does not exist on type '{}'.
client/src/pages/producer/orders.tsx(144,38): error TS2339: Property 'filter' does not exist on type '{}'.
client/src/pages/producer/orders.tsx(160,38): error TS2339: Property 'filter' does not exist on type '{}'.
client/src/pages/producer/orders.tsx(177,32): error TS2339: Property 'map' does not exist on type '{}'.
client/src/pages/producer/receivables.tsx(53,28): error TS18046: 'producerPayments' is of type 'unknown'.
client/src/pages/producer/receivables.tsx(62,24): error TS18046: 'producerPayments' is of type 'unknown'.
client/src/pages/producer/receivables.tsx(70,25): error TS18046: 'producerPayments' is of type 'unknown'.
client/src/pages/producer/receivables.tsx(78,24): error TS18046: 'producerPayments' is of type 'unknown'.
client/src/pages/producer/receivables.tsx(79,25): error TS18046: 'producerPayments' is of type 'unknown'.
client/src/pages/producer/receivables.tsx(83,38): error TS2339: Property 'length' does not exist on type '{}'.
client/src/pages/vendor/budgets.tsx(166,47): error TS7006: Parameter 'acc' implicitly has an 'any' type.
client/src/pages/vendor/budgets.tsx(166,52): error TS7006: Parameter 'product' implicitly has an 'any' type.
client/src/pages/vendor/budgets.tsx(227,43): error TS2802: Type 'Set<unknown>' can only be iterated through when using the '--downlevelIteration' flag or with a '--target' of 'es2015' or higher.
client/src/pages/vendor/budgets.tsx(474,33): error TS2345: Argument of type 'number' is not assignable to parameter of type 'string'.
client/src/pages/vendor/budgets.tsx(485,33): error TS2345: Argument of type 'number' is not assignable to parameter of type 'string'.
client/src/pages/vendor/budgets.tsx(699,20): error TS18046: 'error' is of type 'unknown'.
client/src/pages/vendor/budgets.tsx(700,18): error TS18046: 'error' is of type 'unknown'.
client/src/pages/vendor/budgets.tsx(705,27): error TS18046: 'error' is of type 'unknown'.
client/src/pages/vendor/budgets.tsx(2237,83): error TS2345: Argument of type 'number' is not assignable to parameter of type 'string'.
client/src/pages/vendor/budgets.tsx(2240,50): error TS2345: Argument of type 'number' is not assignable to parameter of type 'string'.
client/src/pages/vendor/budgets.tsx(2259,68): error TS2345: Argument of type 'number' is not assignable to parameter of type 'string'.
client/src/pages/vendor/budgets.tsx(2261,50): error TS2345: Argument of type 'number' is not assignable to parameter of type 'string'.
client/src/pages/vendor/budgets.tsx(2318,43): error TS2345: Argument of type 'number' is not assignable to parameter of type 'string'.
client/src/pages/vendor/budgets.tsx(2330,125): error TS2345: Argument of type 'number' is not assignable to parameter of type 'string'.
client/src/pages/vendor/budgets.tsx(3330,58): error TS2345: Argument of type '(producer: string, index: number) => JSX.Element' is not assignable to parameter of type '(value: unknown, index: number, array: unknown[]) => Element'.
  Types of parameters 'producer' and 'value' are incompatible.
    Type 'unknown' is not assignable to type 'string'.
client/src/pages/vendor/orders.tsx(334,33): error TS2345: Argument of type 'number' is not assignable to parameter of type 'string'.
client/src/pages/vendor/orders.tsx(372,44): error TS7006: Parameter 'c' implicitly has an 'any' type.
client/src/pages/vendor/orders.tsx(1849,43): error TS2345: Argument of type 'number' is not assignable to parameter of type 'string'.
client/src/pages/vendor/orders.tsx(1855,123): error TS2345: Argument of type 'number' is not assignable to parameter of type 'string'.
client/src/utils/pdfGenerator.ts(3,27): error TS2307: Cannot find module '@assets/Folha_timbrada_Nexo2_(1).pdf_(4)_1768512028431.png' or its corresponding type declarations.
server/money.ts(109,47): error TS2339: Property 'plus' does not exist on type 'string | number | Decimal'.
  Property 'plus' does not exist on type 'string'.
server/pgClient.ts(25,26): error TS2344: Type 'typeof Pool' does not satisfy the constraint '(...args: any) => any'.
  Type 'typeof Pool' provides no match for the signature '(...args: any): any'.
server/routes.ts(88,17): error TS7016: Could not find a declaration file for module 'node-ofx-parser'. 'C:/nexobrindes/node_modules/node-ofx-parser/ofx.js' implicitly has an 'any' type.
  There are types at 'C:/nexobrindes/@types/node-ofx-parser/index.d.ts', but this result could not be resolved when respecting package.json "exports". The 'node-ofx-parser' library may need to update its package.json or typings.
server/routes.ts(523,50): error TS2339: Property 'imageUrl' does not exist on type '{ id: string; description: string | null; budgetId: string; photoUrl: string; uploadedAt: Date | null; }'.
server/routes.ts(528,27): error TS2339: Property 'orderDetails' does not exist on type '{ id: string; status: string; deadline: Date | null; orderId: string; shippingAddress: string | null; deliveryDeadline: Date | null; notes: string | null; producerId: string; ... 10 more ...; producerPaymentStatus: string | null; }'.
server/routes.ts(530,53): error TS2339: Property 'orderDetails' does not exist on type '{ id: string; status: string; deadline: Date | null; orderId: string; shippingAddress: string | null; deliveryDeadline: Date | null; notes: string | null; producerId: string; ... 10 more ...; producerPaymentStatus: string | null; }'.
server/routes.ts(571,49): error TS2339: Property 'imageUrl' does not exist on type '{ id: string; description: string | null; budgetId: string; photoUrl: string; uploadedAt: Date | null; }'.
server/routes.ts(650,37): error TS18046: 'error' is of type 'unknown'.
server/routes.ts(680,24): error TS2339: Property 'user' does not exist on type 'Request<{}, any, any, ParsedQs, Record<string, any>>'.
server/routes.ts(760,28): error TS2339: Property 'user' does not exist on type 'Request<{}, any, any, ParsedQs, Record<string, any>>'.
server/routes.ts(764,68): error TS18046: 'error' is of type 'unknown'.
server/routes.ts(918,62): error TS18046: 'error' is of type 'unknown'.
server/routes.ts(930,60): error TS18046: 'error' is of type 'unknown'.
server/routes.ts(935,51): error TS2339: Property 'imageUrl' does not exist on type '{ id: string; description: string | null; budgetId: string; photoUrl: string; uploadedAt: Date | null; }'.
server/routes.ts(1022,37): error TS18046: 'error' is of type 'unknown'.
server/routes.ts(1023,86): error TS18046: 'error' is of type 'unknown'.
server/routes.ts(1044,26): error TS2339: Property 'originalType' does not exist on type '{ type: string; id: string; status: string; date: Date; description: string; createdAt: Date | null; notes: string | null; amount: string; updatedAt: Date | null; importId: string; ... 11 more ...; hasValidDate: boolean | null; }'.
server/routes.ts(1207,36): error TS2339: Property 'user' does not exist on type 'Request<{ id: string; }, any, any, ParsedQs, Record<string, any>>'.
server/routes.ts(1267,67): error TS18046: 'error' is of type 'unknown'.
server/routes.ts(1293,9): error TS2353: Object literal may only specify known properties, and 'productStatus' does not exist in type 'Partial<{ id: string; status: string; description: string | null; vendorId: string; clientId: string | null; product: string; totalValue: string; deadline: Date | null; orderNumber: string; ... 25 more ...; cancelledBy: string | null; }>'.
server/routes.ts(1306,79): error TS18046: 'error' is of type 'unknown'.
server/routes.ts(1330,65): error TS18046: 'error' is of type 'unknown'.
server/routes.ts(1404,70): error TS18046: 'error' is of type 'unknown'.
server/routes.ts(1430,9): error TS2353: Object literal may only specify known properties, and 'branchId' does not exist in type '{ role: string; name: string; password: string; username: string; address?: string | null | undefined; email?: string | null | undefined; phone?: string | null | undefined; vendorId?: string | null | undefined; isCommissioned?: boolean | ... 1 more ... | undefined; specialty?: string | ... 1 more ... | undefined; is...'.
server/routes.ts(1658,68): error TS18046: 'error' is of type 'unknown'.
server/routes.ts(1768,75): error TS7006: Parameter 'item' implicitly has an 'any' type.
server/routes.ts(1839,24): error TS2339: Property 'items' does not exist on type '{ id: string; status: string; description: string | null; vendorId: string; clientId: string | null; product: string; totalValue: string; deadline: Date | null; orderNumber: string; ... 25 more ...; cancelledBy: string | null; }'.
server/routes.ts(1839,53): error TS2339: Property 'items' does not exist on type '{ id: string; status: string; description: string | null; vendorId: string; clientId: string | null; product: string; totalValue: string; deadline: Date | null; orderNumber: string; ... 25 more ...; cancelledBy: string | null; }'.
server/routes.ts(1840,26): error TS2339: Property 'items' does not exist on type '{ id: string; status: string; description: string | null; vendorId: string; clientId: string | null; product: string; totalValue: string; deadline: Date | null; orderNumber: string; ... 25 more ...; cancelledBy: string | null; }'.
server/routes.ts(1917,11): error TS7034: Variable 'photos' implicitly has type 'any[]' in some locations where its type cannot be determined.
server/routes.ts(1920,50): error TS2339: Property 'imageUrl' does not exist on type '{ id: string; description: string | null; budgetId: string; photoUrl: string; uploadedAt: Date | null; }'.
server/routes.ts(1924,48): error TS2802: Type 'Map<any, any>' can only be iterated through when using the '--downlevelIteration' flag or with a '--target' of 'es2015' or higher.
server/routes.ts(1948,44): error TS7006: Parameter 'item' implicitly has an 'any' type.
server/routes.ts(1979,22): error TS2339: Property 'shippingAddress' does not exist on type '{ id: string; status: string; description: string | null; vendorId: string; clientId: string | null; product: string; totalValue: string; deadline: Date | null; orderNumber: string; ... 25 more ...; cancelledBy: string | null; }'.
server/routes.ts(1981,19): error TS7005: Variable 'photos' implicitly has an 'any[]' type.
server/routes.ts(2002,15): error TS2353: Object literal may only specify known properties, and 'orderDetails' does not exist in type 'Partial<{ id: string; status: string; deadline: Date | null; orderId: string; shippingAddress: string | null; deliveryDeadline: Date | null; notes: string | null; producerId: string; ... 10 more ...; producerPaymentStatus: string | null; }>'.
server/routes.ts(2045,82): error TS18046: 'error' is of type 'unknown'.
server/routes.ts(2060,53): error TS18048: 'productionOrder' is possibly 'undefined'.
server/routes.ts(2108,90): error TS18046: 'error' is of type 'unknown'.
server/routes.ts(2136,11): error TS2353: Object literal may only specify known properties, and 'orderDetails' does not exist in type '{ orderId: string; producerId: string; status?: string | undefined; deadline?: Date | null | undefined; shippingAddress?: string | null | undefined; deliveryDeadline?: Date | null | undefined; ... 11 more ...; producerPaymentStatus?: string | ... 1 more ... | undefined; }'.
server/routes.ts(2198,79): error TS18046: 'error' is of type 'unknown'.
server/routes.ts(2235,78): error TS18046: 'error' is of type 'unknown'.
server/routes.ts(2280,15): error TS2339: Property 'user' does not exist on type 'Request<{}, any, any, ParsedQs, Record<string, any>>'.
server/routes.ts(2280,27): error TS2339: Property 'user' does not exist on type 'Request<{}, any, any, ParsedQs, Record<string, any>>'.
server/routes.ts(2283,17): error TS2339: Property 'user' does not exist on type 'Request<{}, any, any, ParsedQs, Record<string, any>>'.
server/routes.ts(2284,17): error TS2339: Property 'user' does not exist on type 'Request<{}, any, any, ParsedQs, Record<string, any>>'.
server/routes.ts(2285,17): error TS2339: Property 'user' does not exist on type 'Request<{}, any, any, ParsedQs, Record<string, any>>'.
server/routes.ts(2309,65): error TS18046: 'error' is of type 'unknown'.
server/routes.ts(2358,69): error TS18046: 'error' is of type 'unknown'.
server/routes.ts(2375,67): error TS18046: 'error' is of type 'unknown'.
server/routes.ts(2388,69): error TS18046: 'error' is of type 'unknown'.
server/routes.ts(2406,9): error TS2561: Object literal may only specify known properties, but 'transactionId' does not exist in type 'Partial<{ producerId: string; productionOrderId: string; amount: string; status?: string | undefined; notes?: string | null | undefined; paymentMethod?: string | null | undefined; paidAt?: Date | null | undefined; ... 4 more ...; approvedAt?: Date | ... 1 more ... | undefined; }>'. Did you mean to write 'bankTransactionId'?
server/routes.ts(2425,71): error TS18046: 'error' is of type 'unknown'.
server/routes.ts(2482,44): error TS18048: 't' is possibly 'undefined'.
server/routes.ts(2494,45): error TS18048: 'txn' is possibly 'undefined'.
server/routes.ts(2539,70): error TS18046: 'error' is of type 'unknown'.
server/routes.ts(2580,69): error TS18046: 'error' is of type 'unknown'.
server/routes.ts(2762,82): error TS18046: 'error' is of type 'unknown'.
server/routes.ts(2851,89): error TS18046: 'error' is of type 'unknown'.
server/routes.ts(2993,18): error TS2339: Property 'orderDetails' does not exist on type '{ id: string; status: string; deadline: Date | null; orderId: string; shippingAddress: string | null; deliveryDeadline: Date | null; notes: string | null; producerId: string; ... 10 more ...; producerPaymentStatus: string | null; }'.
server/routes.ts(2995,50): error TS2339: Property 'orderDetails' does not exist on type '{ id: string; status: string; deadline: Date | null; orderId: string; shippingAddress: string | null; deliveryDeadline: Date | null; notes: string | null; producerId: string; ... 10 more ...; producerPaymentStatus: string | null; }'.
server/routes.ts(2997,59): error TS7006: Parameter 'item' implicitly has an 'any' type.
server/routes.ts(3011,85): error TS2339: Property 'updatedAt' does not exist on type '{ id: string; status: string; deadline: Date | null; orderId: string; shippingAddress: string | null; deliveryDeadline: Date | null; notes: string | null; producerId: string; ... 10 more ...; producerPaymentStatus: string | null; }'.
server/routes.ts(3012,38): error TS7006: Parameter 'item' implicitly has an 'any' type.
server/routes.ts(3212,11): error TS7034: Variable 'photos' implicitly has type 'any[]' in some locations where its type cannot be determined.
server/routes.ts(3215,50): error TS2339: Property 'imageUrl' does not exist on type '{ id: string; description: string | null; budgetId: string; photoUrl: string; uploadedAt: Date | null; }'.
server/routes.ts(3220,27): error TS2339: Property 'orderDetails' does not exist on type '{ id: string; status: string; deadline: Date | null; orderId: string; shippingAddress: string | null; deliveryDeadline: Date | null; notes: string | null; producerId: string; ... 10 more ...; producerPaymentStatus: string | null; }'.
server/routes.ts(3222,60): error TS2339: Property 'orderDetails' does not exist on type '{ id: string; status: string; deadline: Date | null; orderId: string; shippingAddress: string | null; deliveryDeadline: Date | null; notes: string | null; producerId: string; ... 10 more ...; producerPaymentStatus: string | null; }'.
server/routes.ts(3282,17): error TS7005: Variable 'photos' implicitly has an 'any[]' type.
server/routes.ts(3290,76): error TS18046: 'error' is of type 'unknown'.
server/routes.ts(3492,46): error TS7006: Parameter 'item' implicitly has an 'any' type.
server/routes.ts(3536,9): error TS2353: Object literal may only specify known properties, and 'items' does not exist in type '{ vendorId: string; product: string; totalValue: string; orderNumber: string; contactName: string; status?: string | undefined; description?: string | null | undefined; clientId?: string | null | undefined; ... 23 more ...; cancelledBy?: string | ... 1 more ... | undefined; }'.
server/routes.ts(3544,17): error TS2339: Property 'name' does not exist on type '{ id: string; userId: string; branchId: string | null; commissionRate: string | null; isActive: boolean | null; salesLink: string | null; }'.
server/routes.ts(3558,66): error TS18046: 'error' is of type 'unknown'.
server/routes.ts(3626,43): error TS2802: Type 'MapIterator<[string, any]>' can only be iterated through when using the '--downlevelIteration' flag or with a '--target' of 'es2015' or higher.
server/routes.ts(3682,15): error TS2339: Property 'user' does not exist on type 'Request<{ id: string; }, any, any, ParsedQs, Record<string, any>>'.
server/routes.ts(3684,15): error TS2339: Property 'user' does not exist on type 'Request<{ id: string; }, any, any, ParsedQs, Record<string, any>>'.
server/routes.ts(3685,15): error TS2339: Property 'user' does not exist on type 'Request<{ id: string; }, any, any, ParsedQs, Record<string, any>>'.
server/routes.ts(3691,15): error TS2339: Property 'user' does not exist on type 'Request<{ id: string; }, any, any, ParsedQs, Record<string, any>>'.
server/routes.ts(3692,15): error TS2339: Property 'user' does not exist on type 'Request<{ id: string; }, any, any, ParsedQs, Record<string, any>>'.
server/routes.ts(3693,15): error TS2339: Property 'user' does not exist on type 'Request<{ id: string; }, any, any, ParsedQs, Record<string, any>>'.
server/routes.ts(3710,68): error TS18046: 'error' is of type 'unknown'.
server/routes.ts(3789,30): error TS2339: Property 'producerId' does not exist on type '{ id: string; status: string; description: string | null; vendorId: string; clientId: string | null; product: string; totalValue: string; deadline: Date | null; orderNumber: string; ... 25 more ...; cancelledBy: string | null; }'.
server/routes.ts(3789,71): error TS2339: Property 'producerId' does not exist on type '{ id: string; status: string; description: string | null; vendorId: string; clientId: string | null; product: string; totalValue: string; deadline: Date | null; orderNumber: string; ... 25 more ...; cancelledBy: string | null; }'.
server/routes.ts(3792,11): error TS7034: Variable 'budgetPhotos' implicitly has type 'any[]' in some locations where its type cannot be determined.
server/routes.ts(3796,50): error TS2339: Property 'imageUrl' does not exist on type '{ id: string; description: string | null; budgetId: string; photoUrl: string; uploadedAt: Date | null; }'.
server/routes.ts(3818,17): error TS2339: Property 'producerId' does not exist on type '{ id: string; status: string; description: string | null; vendorId: string; clientId: string | null; product: string; totalValue: string; deadline: Date | null; orderNumber: string; ... 25 more ...; cancelledBy: string | null; }'.
server/routes.ts(3862,23): error TS7005: Variable 'budgetPhotos' implicitly has an 'any[]' type.
server/routes.ts(3917,34): error TS2339: Property 'producerId' does not exist on type '{ id: string; status: string; description: string | null; vendorId: string; clientId: string | null; product: string; totalValue: string; deadline: Date | null; orderNumber: string; ... 25 more ...; cancelledBy: string | null; }'.
server/routes.ts(3917,75): error TS2339: Property 'producerId' does not exist on type '{ id: string; status: string; description: string | null; vendorId: string; clientId: string | null; product: string; totalValue: string; deadline: Date | null; orderNumber: string; ... 25 more ...; cancelledBy: string | null; }'.
server/routes.ts(3920,15): error TS7034: Variable 'budgetPhotos' implicitly has type 'any[]' in some locations where its type cannot be determined.
server/routes.ts(3924,54): error TS2339: Property 'imageUrl' does not exist on type '{ id: string; description: string | null; budgetId: string; photoUrl: string; uploadedAt: Date | null; }'.
server/routes.ts(3946,21): error TS2339: Property 'producerId' does not exist on type '{ id: string; status: string; description: string | null; vendorId: string; clientId: string | null; product: string; totalValue: string; deadline: Date | null; orderNumber: string; ... 25 more ...; cancelledBy: string | null; }'.
server/routes.ts(3956,27): error TS7005: Variable 'budgetPhotos' implicitly has an 'any[]' type.
server/routes.ts(4079,15): error TS7034: Variable 'budgetPhotos' implicitly has type 'any[]' in some locations where its type cannot be determined.
server/routes.ts(4083,54): error TS2339: Property 'imageUrl' does not exist on type '{ id: string; description: string | null; budgetId: string; photoUrl: string; uploadedAt: Date | null; }'.
server/routes.ts(4106,27): error TS7005: Variable 'budgetPhotos' implicitly has an 'any[]' type.
server/routes.ts(4154,63): error TS2345: Argument of type 'string | null' is not assignable to parameter of type 'string'.
  Type 'null' is not assignable to type 'string'.
server/routes.ts(4204,15): error TS7034: Variable 'budgetPhotos' implicitly has type 'any[]' in some locations where its type cannot be determined.
server/routes.ts(4208,54): error TS2339: Property 'imageUrl' does not exist on type '{ id: string; description: string | null; budgetId: string; photoUrl: string; uploadedAt: Date | null; }'.
server/routes.ts(4268,27): error TS7005: Variable 'budgetPhotos' implicitly has an 'any[]' type.
server/routes.ts(4492,15): error TS2339: Property 'user' does not exist on type 'Request<{}, any, any, ParsedQs, Record<string, any>>'.
server/routes.ts(4492,27): error TS2339: Property 'user' does not exist on type 'Request<{}, any, any, ParsedQs, Record<string, any>>'.
server/routes.ts(4495,17): error TS2339: Property 'user' does not exist on type 'Request<{}, any, any, ParsedQs, Record<string, any>>'.
server/routes.ts(4496,17): error TS2339: Property 'user' does not exist on type 'Request<{}, any, any, ParsedQs, Record<string, any>>'.
server/routes.ts(4497,17): error TS2339: Property 'user' does not exist on type 'Request<{}, any, any, ParsedQs, Record<string, any>>'.
server/routes.ts(4528,69): error TS18046: 'error' is of type 'unknown'.
server/routes.ts(4935,15): error TS2339: Property 'user' does not exist on type 'Request<{ id: string; }, any, any, ParsedQs, Record<string, any>>'.
server/routes.ts(4935,27): error TS2339: Property 'user' does not exist on type 'Request<{ id: string; }, any, any, ParsedQs, Record<string, any>>'.
server/routes.ts(4938,17): error TS2339: Property 'user' does not exist on type 'Request<{ id: string; }, any, any, ParsedQs, Record<string, any>>'.
server/routes.ts(4939,17): error TS2339: Property 'user' does not exist on type 'Request<{ id: string; }, any, any, ParsedQs, Record<string, any>>'.
server/routes.ts(4940,17): error TS2339: Property 'user' does not exist on type 'Request<{ id: string; }, any, any, ParsedQs, Record<string, any>>'.
server/routes.ts(4958,68): error TS18046: 'error' is of type 'unknown'.
server/routes.ts(5005,9): error TS2353: Object literal may only specify known properties, and 'userCode' does not exist in type '{ role: string; name: string; password: string; username: string; address?: string | null | undefined; email?: string | null | undefined; phone?: string | null | undefined; vendorId?: string | null | undefined; isCommissioned?: boolean | ... 1 more ... | undefined; specialty?: string | ... 1 more ... | undefined; is...'.
server/routes.ts(5176,15): error TS2339: Property 'user' does not exist on type 'Request<{ id: string; }, any, any, ParsedQs, Record<string, any>>'.
server/routes.ts(5179,17): error TS2339: Property 'user' does not exist on type 'Request<{ id: string; }, any, any, ParsedQs, Record<string, any>>'.
server/routes.ts(5180,17): error TS2339: Property 'user' does not exist on type 'Request<{ id: string; }, any, any, ParsedQs, Record<string, any>>'.
server/routes.ts(5181,17): error TS2339: Property 'user' does not exist on type 'Request<{ id: string; }, any, any, ParsedQs, Record<string, any>>'.
server/routes.ts(5216,15): error TS2339: Property 'user' does not exist on type 'Request<{ id: string; }, any, any, ParsedQs, Record<string, any>>'.
server/routes.ts(5219,17): error TS2339: Property 'user' does not exist on type 'Request<{ id: string; }, any, any, ParsedQs, Record<string, any>>'.
server/routes.ts(5220,17): error TS2339: Property 'user' does not exist on type 'Request<{ id: string; }, any, any, ParsedQs, Record<string, any>>'.
server/routes.ts(5221,17): error TS2339: Property 'user' does not exist on type 'Request<{ id: string; }, any, any, ParsedQs, Record<string, any>>'.
server/routes.ts(5325,86): error TS18046: 'error' is of type 'unknown'.
server/routes.ts(5338,48): error TS2345: Argument of type 'string | null' is not assignable to parameter of type 'string'.
  Type 'null' is not assignable to type 'string'.
server/routes.ts(5339,34): error TS2339: Property 'producerId' does not exist on type '{ id: string; status: string; description: string | null; vendorId: string; clientId: string | null; product: string; totalValue: string; deadline: Date | null; orderNumber: string; ... 25 more ...; cancelledBy: string | null; }'.
server/routes.ts(5339,75): error TS2339: Property 'producerId' does not exist on type '{ id: string; status: string; description: string | null; vendorId: string; clientId: string | null; product: string; totalValue: string; deadline: Date | null; orderNumber: string; ... 25 more ...; cancelledBy: string | null; }'.
server/routes.ts(5342,15): error TS7034: Variable 'budgetPhotos' implicitly has type 'any[]' in some locations where its type cannot be determined.
server/routes.ts(5346,54): error TS2339: Property 'imageUrl' does not exist on type '{ id: string; description: string | null; budgetId: string; photoUrl: string; uploadedAt: Date | null; }'.
server/routes.ts(5371,21): error TS2339: Property 'producerId' does not exist on type '{ id: string; status: string; description: string | null; vendorId: string; clientId: string | null; product: string; totalValue: string; deadline: Date | null; orderNumber: string; ... 25 more ...; cancelledBy: string | null; }'.
server/routes.ts(5387,27): error TS7005: Variable 'budgetPhotos' implicitly has an 'any[]' type.
server/routes.ts(5568,30): error TS2339: Property 'createdAt' does not exist on type '{ address: string | null; id: string; role: string; name: string; email: string | null; password: string; username: string; phone: string | null; vendorId: string | null; isCommissioned: boolean | null; specialty: string | null; isActive: boolean | null; photoUrl: string | null; }'.
server/routes.ts(5632,68): error TS18046: 'error' is of type 'unknown'.
server/routes.ts(5665,15): error TS2339: Property 'user' does not exist on type 'Request<{ id: string; }, any, any, ParsedQs, Record<string, any>>'.
server/routes.ts(5665,27): error TS2339: Property 'user' does not exist on type 'Request<{ id: string; }, any, any, ParsedQs, Record<string, any>>'.
server/routes.ts(5668,17): error TS2339: Property 'user' does not exist on type 'Request<{ id: string; }, any, any, ParsedQs, Record<string, any>>'.
server/routes.ts(5669,17): error TS2339: Property 'user' does not exist on type 'Request<{ id: string; }, any, any, ParsedQs, Record<string, any>>'.
server/routes.ts(5670,17): error TS2339: Property 'user' does not exist on type 'Request<{ id: string; }, any, any, ParsedQs, Record<string, any>>'.
server/routes.ts(5691,68): error TS18046: 'error' is of type 'unknown'.
server/routes.ts(5810,67): error TS18046: 'error' is of type 'unknown'.
server/routes.ts(5847,65): error TS18046: 'error' is of type 'unknown'.
server/routes.ts(5863,72): error TS18046: 'error' is of type 'unknown'.
server/routes.ts(5946,36): error TS2339: Property 'createLogBackup' does not exist on type 'PgStorage'.
server/routes.ts(5955,21): error TS2339: Property 'cleanOldLogs' does not exist on type 'PgStorage'.
server/routes.ts(5966,72): error TS18046: 'error' is of type 'unknown'.
server/routes.ts(5973,37): error TS2339: Property 'getLogBackups' does not exist on type 'PgStorage'.
server/routes.ts(5985,36): error TS2339: Property 'getLogBackup' does not exist on type 'PgStorage'.
server/routes.ts(6010,65): error TS18046: 'error' is of type 'unknown'.
server/routes.ts(6018,37): error TS2339: Property 'deleteLogBackup' does not exist on type 'PgStorage'.
server/routes.ts(6027,66): error TS18046: 'error' is of type 'unknown'.
server/routes.ts(6081,26): error TS2769: No overload matches this call.
  Overload 1 of 4, '(value: string | number | Date): Date', gave the following error.
    Argument of type 'Date | null' is not assignable to parameter of type 'string | number | Date'.
      Type 'null' is not assignable to type 'string | number | Date'.
  Overload 2 of 4, '(value: string | number): Date', gave the following error.
    Argument of type 'Date | null' is not assignable to parameter of type 'string | number'.
      Type 'null' is not assignable to type 'string | number'.
server/routes.ts(6081,72): error TS2769: No overload matches this call.
  Overload 1 of 4, '(value: string | number | Date): Date', gave the following error.
    Argument of type 'Date | null' is not assignable to parameter of type 'string | number | Date'.
      Type 'null' is not assignable to type 'string | number | Date'.
  Overload 2 of 4, '(value: string | number): Date', gave the following error.
    Argument of type 'Date | null' is not assignable to parameter of type 'string | number'.
      Type 'null' is not assignable to type 'string | number'.
server/routes.ts(6111,30): error TS2339: Property 'items' does not exist on type '{ id: string; status: string; description: string | null; vendorId: string; clientId: string | null; product: string; totalValue: string; deadline: Date | null; orderNumber: string; ... 25 more ...; cancelledBy: string | null; }'.
server/routes.ts(6111,59): error TS2339: Property 'items' does not exist on type '{ id: string; status: string; description: string | null; vendorId: string; clientId: string | null; product: string; totalValue: string; deadline: Date | null; orderNumber: string; ... 25 more ...; cancelledBy: string | null; }'.
server/routes.ts(6112,34): error TS2339: Property 'items' does not exist on type '{ id: string; status: string; description: string | null; vendorId: string; clientId: string | null; product: string; totalValue: string; deadline: Date | null; orderNumber: string; ... 25 more ...; cancelledBy: string | null; }'.
server/routes.ts(6257,49): error TS2339: Property 'user' does not exist on type 'Request<{}, any, any, ParsedQs, Record<string, any>>'.
server/routes.ts(6285,73): error TS18046: 'error' is of type 'unknown'.
server/routes.ts(6348,13): error TS2353: Object literal may only specify known properties, and 'notes' does not exist in type '{ method: string; orderId: string; amount: string; status?: string | undefined; transactionId?: string | null | undefined; paidAt?: Date | null | undefined; reconciliationStatus?: string | undefined; bankTransactionId?: string | ... 1 more ... | undefined; }'.
server/routes.ts(6372,76): error TS18046: 'error' is of type 'unknown'.
server/routes.ts(6390,95): error TS18046: 'error' is of type 'unknown'.
server/routes.ts(6420,9): error TS2353: Object literal may only specify known properties, and 'notes' does not exist in type '{ method: string; orderId: string; amount: string; status?: string | undefined; transactionId?: string | null | undefined; paidAt?: Date | null | undefined; reconciliationStatus?: string | undefined; bankTransactionId?: string | ... 1 more ... | undefined; }'.
server/routes.ts(6444,13): error TS2339: Property 'user' does not exist on type 'Request<{}, any, any, ParsedQs, Record<string, any>>'.
server/routes.ts(6445,13): error TS2339: Property 'user' does not exist on type 'Request<{}, any, any, ParsedQs, Record<string, any>>'.
server/routes.ts(6446,13): error TS2339: Property 'user' does not exist on type 'Request<{}, any, any, ParsedQs, Record<string, any>>'.
server/routes.ts(6470,70): error TS18046: 'error' is of type 'unknown'.
server/routes.ts(6523,11): error TS2353: Object literal may only specify known properties, and 'notes' does not exist in type '{ method: string; orderId: string; amount: string; status?: string | undefined; transactionId?: string | null | undefined; paidAt?: Date | null | undefined; reconciliationStatus?: string | undefined; bankTransactionId?: string | ... 1 more ... | undefined; }'.
server/routes.ts(6538,11): error TS2353: Object literal may only specify known properties, and 'updatedAt' does not exist in type 'Partial<{ vendorId: string; clientId: string; orderId: string; amount: string; dueDate: Date; status?: string | undefined; notes?: string | null | undefined; receivedAmount?: string | null | undefined; minimumPayment?: string | ... 1 more ... | undefined; }>'.
server/routes.ts(6570,71): error TS18046: 'error' is of type 'unknown'.
server/routes.ts(6599,71): error TS18046: 'error' is of type 'unknown'.
server/routes.ts(6611,81): error TS18046: 'error' is of type 'unknown'.
server/routes.ts(6626,21): error TS2339: Property 'user' does not exist on type 'Request<{ id: string; }, any, any, ParsedQs, Record<string, any>>'.
server/routes.ts(6646,71): error TS18046: 'error' is of type 'unknown'.
server/routes.ts(6686,67): error TS18046: 'error' is of type 'unknown'.
server/routes.ts(6713,54): error TS2345: Argument of type 'string | null' is not assignable to parameter of type 'string'.
  Type 'null' is not assignable to type 'string'.
server/routes.ts(6737,21): error TS2339: Property 'user' does not exist on type 'Request<{ id: string; }, any, any, ParsedQs, Record<string, any>>'.
server/routes.ts(6768,69): error TS18046: 'error' is of type 'unknown'.
server/routes.ts(6793,73): error TS18046: 'error' is of type 'unknown'.
server/routes.ts(6819,30): error TS2339: Property 'user' does not exist on type 'Request<ParamsDictionary, any, any, ParsedQs, Record<string, any>>'.
server/routes.ts(6833,9): error TS2322: Type 'string' is not assignable to type 'number'.
server/routes.ts(6883,13): error TS2353: Object literal may only specify known properties, and 'originalType' does not exist in type '{ date: Date; description: string; amount: string; importId: string; type?: string | undefined; status?: string | undefined; notes?: string | null | undefined; updatedAt?: Date | null | undefined; ... 11 more ...; hasValidDate?: boolean | ... 1 more ... | undefined; }'.
server/routes.ts(6893,85): error TS18046: 'error' is of type 'unknown'.
server/routes.ts(6900,9): error TS2353: Object literal may only specify known properties, and 'processedTransactions' does not exist in type 'Partial<{ filename: string; uploadedBy: string; summary?: string | null | undefined; status?: string | undefined; errorMessage?: string | null | undefined; fileSize?: number | null | undefined; transactionCount?: number | ... 1 more ... | undefined; }>'.
server/routes.ts(6922,18): error TS18046: 'error' is of type 'unknown'.
server/routes.ts(6973,30): error TS2339: Property 'user' does not exist on type 'Request<ParamsDictionary, any, any, ParsedQs, Record<string, any>>'.
server/routes.ts(6987,9): error TS2322: Type 'string' is not assignable to type 'number'.
server/routes.ts(7033,13): error TS2353: Object literal may only specify known properties, and 'originalType' does not exist in type '{ date: Date; description: string; amount: string; importId: string; type?: string | undefined; status?: string | undefined; notes?: string | null | undefined; updatedAt?: Date | null | undefined; ... 11 more ...; hasValidDate?: boolean | ... 1 more ... | undefined; }'.
server/routes.ts(7043,87): error TS18046: 'transactionError' is of type 'unknown'.
server/routes.ts(7050,9): error TS2353: Object literal may only specify known properties, and 'processedTransactions' does not exist in type 'Partial<{ filename: string; uploadedBy: string; summary?: string | null | undefined; status?: string | undefined; errorMessage?: string | null | undefined; fileSize?: number | null | undefined; transactionCount?: number | ... 1 more ... | undefined; }>'.
server/routes.ts(7073,18): error TS18046: 'error' is of type 'unknown'.
server/routes.ts(7294,32): error TS2769: No overload matches this call.
  Overload 1 of 4, '(value: string | number | Date): Date', gave the following error.
    Argument of type 'Date | null' is not assignable to parameter of type 'string | number | Date'.
      Type 'null' is not assignable to type 'string | number | Date'.
  Overload 2 of 4, '(value: string | number): Date', gave the following error.
    Argument of type 'Date | null' is not assignable to parameter of type 'string | number'.
      Type 'null' is not assignable to type 'string | number'.
server/routes.ts(7295,32): error TS2769: No overload matches this call.
  Overload 1 of 4, '(value: string | number | Date): Date', gave the following error.
    Argument of type 'Date | null' is not assignable to parameter of type 'string | number | Date'.
      Type 'null' is not assignable to type 'string | number | Date'.
  Overload 2 of 4, '(value: string | number): Date', gave the following error.
    Argument of type 'Date | null' is not assignable to parameter of type 'string | number'.
      Type 'null' is not assignable to type 'string | number'.
server/routes.ts(7589,60): error TS2345: Argument of type 'PgStorage' is not assignable to parameter of type 'IStorage'.
  The types returned by 'getBankTransactionByFitId(...)' are incompatible between these types.
    Type 'Promise<{ type: string; id: string; status: string; date: Date; description: string; createdAt: Date | null; notes: string | null; amount: string; updatedAt: Date | null; importId: string; ... 11 more ...; hasValidDate: boolean | null; } | null>' is not assignable to type 'Promise<{ type: string; id: string; status: string; date: Date; description: string; createdAt: Date | null; notes: string | null; amount: string; updatedAt: Date | null; importId: string; ... 11 more ...; hasValidDate: boolean | null; } | undefined>'.
      Type '{ type: string; id: string; status: string; date: Date; description: string; createdAt: Date | null; notes: string | null; amount: string; updatedAt: Date | null; importId: string; ... 11 more ...; hasValidDate: boolean | null; } | null' is not assignable to type '{ type: string; id: string; status: string; date: Date; description: string; createdAt: Date | null; notes: string | null; amount: string; updatedAt: Date | null; importId: string; ... 11 more ...; hasValidDate: boolean | null; } | undefined'.
        Type 'null' is not assignable to type '{ type: string; id: string; status: string; date: Date; description: string; createdAt: Date | null; notes: string | null; amount: string; updatedAt: Date | null; importId: string; ... 11 more ...; hasValidDate: boolean | null; } | undefined'.
server/routes.ts(7641,9): error TS2345: Argument of type '{ whatsapp: any; cpfCnpj: any; address: any; vendorId: any; isActive: true; nomeFantasia: any; razaoSocial: any; inscricaoEstadual: any; logradouro: any; numero: any; complemento: any; bairro: any; cidade: any; ... 16 more ...; enderecoEntregaCep: any; }' is not assignable to parameter of type 'Omit<{ name: string; address?: string | null | undefined; email?: string | null | undefined; phone?: string | null | undefined; whatsapp?: string | null | undefined; cpfCnpj?: string | null | undefined; ... 27 more ...; isActive?: boolean | ... 1 more ... | undefined; }, "userId">'.
  Property 'name' is missing in type '{ whatsapp: any; cpfCnpj: any; address: any; vendorId: any; isActive: true; nomeFantasia: any; razaoSocial: any; inscricaoEstadual: any; logradouro: any; numero: any; complemento: any; bairro: any; cidade: any; ... 16 more ...; enderecoEntregaCep: any; }' but required in type 'Omit<{ name: string; address?: string | null | undefined; email?: string | null | undefined; phone?: string | null | undefined; whatsapp?: string | null | undefined; cpfCnpj?: string | null | undefined; ... 27 more ...; isActive?: boolean | ... 1 more ... | undefined; }, "userId">'.
server/routes.ts(7689,37): error TS18046: 'error' is of type 'unknown'.
server/routes.ts(7690,65): error TS18046: 'error' is of type 'unknown'.
server/routes.ts(7722,9): error TS2353: Object literal may only specify known properties, and 'notes' does not exist in type '{ method: string; orderId: string; amount: string; status?: string | undefined; transactionId?: string | null | undefined; paidAt?: Date | null | undefined; reconciliationStatus?: string | undefined; bankTransactionId?: string | ... 1 more ... | undefined; }'.
server/routes.ts(7730,67): error TS18046: 'error' is of type 'unknown'.
server/routes.ts(7777,17): error TS2339: Property 'productStatus' does not exist on type '{ id: string; status: string; description: string | null; vendorId: string; clientId: string | null; product: string; totalValue: string; deadline: Date | null; orderNumber: string; ... 25 more ...; cancelledBy: string | null; }'.
server/routes.ts(7778,99): error TS2339: Property 'productStatus' does not exist on type '{ id: string; status: string; description: string | null; vendorId: string; clientId: string | null; product: string; totalValue: string; deadline: Date | null; orderNumber: string; ... 25 more ...; cancelledBy: string | null; }'.
server/routes.ts(7833,69): error TS18046: 'error' is of type 'unknown'.
server/routes.ts(7854,25): error TS2551: Property 'deleteProductionOrder' does not exist on type 'PgStorage'. Did you mean 'getProductionOrder'?
server/routes.ts(7858,23): error TS2339: Property 'deleteOrder' does not exist on type 'PgStorage'.
server/routes.ts(8066,67): error TS18046: 'error' is of type 'unknown'.
server/routes.ts(8072,16): error TS2339: Property 'user' does not exist on type 'Request<{}, any, any, ParsedQs, Record<string, any>>'.
server/routes.ts(8072,28): error TS2339: Property 'user' does not exist on type 'Request<{}, any, any, ParsedQs, Record<string, any>>'.
server/routes.ts(8281,55): error TS7006: Parameter 'item' implicitly has an 'any' type.
server/routes.ts(8352,60): error TS18048: 'updatedBudget' is possibly 'undefined'.
server/routes.ts(8352,78): error TS2345: Argument of type '{ productId: any; producerId: any; quantity: any; unitPrice: any; totalPrice: string; notes: any; hasItemCustomization: any; selectedCustomizationId: any; itemCustomizationValue: any; itemCustomizationDescription: any; ... 10 more ...; itemDiscountValue: number; }' is not assignable to parameter of type '{ quantity: string; budgetId: string; unitPrice: string; productId: string; totalPrice: string; customizationPhoto?: string | null | undefined; itemCustomizationValue?: string | null | undefined; ... 16 more ...; purchaseStatus?: string | ... 1 more ... | undefined; }'.
  Property 'budgetId' is missing in type '{ productId: any; producerId: any; quantity: any; unitPrice: any; totalPrice: string; notes: any; hasItemCustomization: any; selectedCustomizationId: any; itemCustomizationValue: any; itemCustomizationDescription: any; ... 10 more ...; itemDiscountValue: number; }' but required in type '{ quantity: string; budgetId: string; unitPrice: string; productId: string; totalPrice: string; customizationPhoto?: string | null | undefined; itemCustomizationValue?: string | null | undefined; ... 16 more ...; purchaseStatus?: string | ... 1 more ... | undefined; }'.
server/routes.ts(8421,68): error TS18046: 'error' is of type 'unknown'.
server/routes.ts(8448,7): error TS2322: Type 'string' is not assignable to type 'Date'.
server/routes.ts(8486,16): error TS2339: Property 'user' does not exist on type 'Request<{ id: string; }, any, any, ParsedQs, Record<string, any>>'.
server/routes.ts(8486,28): error TS2339: Property 'user' does not exist on type 'Request<{ id: string; }, any, any, ParsedQs, Record<string, any>>'.
server/routes.ts(8511,16): error TS2339: Property 'user' does not exist on type 'Request<{ id: string; }, any, any, ParsedQs, Record<string, any>>'.
server/routes.ts(8511,28): error TS2339: Property 'user' does not exist on type 'Request<{ id: string; }, any, any, ParsedQs, Record<string, any>>'.
server/routes.ts(8582,37): error TS18046: 'error' is of type 'unknown'.
server/routes.ts(8710,44): error TS2345: Argument of type 'string | null' is not assignable to parameter of type 'string'.
  Type 'null' is not assignable to type 'string'.
server/routes.ts(8715,51): error TS2339: Property 'imageUrl' does not exist on type '{ id: string; description: string | null; budgetId: string; photoUrl: string; uploadedAt: Date | null; }'.
server/routes.ts(8977,24): error TS2339: Property 'user' does not exist on type 'Request<{}, any, any, ParsedQs, Record<string, any>>'.
server/routes.ts(9054,28): error TS2339: Property 'user' does not exist on type 'Request<{}, any, any, ParsedQs, Record<string, any>>'.
server/routes.ts(9211,71): error TS18046: 'error' is of type 'unknown'.
server/routes.ts(9332,19): error TS2339: Property 'items' does not exist on type '{ id: string; status: string; description: string | null; vendorId: string; clientId: string | null; product: string; totalValue: string; deadline: Date | null; orderNumber: string; ... 25 more ...; cancelledBy: string | null; }'.
server/routes.ts(9333,36): error TS2339: Property 'items' does not exist on type '{ id: string; status: string; description: string | null; vendorId: string; clientId: string | null; product: string; totalValue: string; deadline: Date | null; orderNumber: string; ... 25 more ...; cancelledBy: string | null; }'.
server/routes.ts(9346,35): error TS2339: Property 'items' does not exist on type '{ id: string; status: string; description: string | null; vendorId: string; clientId: string | null; product: string; totalValue: string; deadline: Date | null; orderNumber: string; ... 25 more ...; cancelledBy: string | null; }'.
server/routes.ts(9369,20): error TS2339: Property 'items' does not exist on type '{ id: string; status: string; description: string | null; vendorId: string; clientId: string | null; product: string; totalValue: string; deadline: Date | null; orderNumber: string; ... 25 more ...; cancelledBy: string | null; }'.
server/routes.ts(9393,60): error TS2339: Property 'telefone' does not exist on type '{ address: string | null; id: string; name: string; email: string | null; phone: string | null; whatsapp: string | null; cpfCnpj: string | null; vendorId: string | null; nomeFantasia: string | null; ... 27 more ...; updatedAt: Date | null; }'.
server/routes.ts(9404,34): error TS2339: Property 'productStatus' does not exist on type '{ id: string; status: string; description: string | null; vendorId: string; clientId: string | null; product: string; totalValue: string; deadline: Date | null; orderNumber: string; ... 25 more ...; cancelledBy: string | null; }'.
server/routes.ts(9443,19): error TS2339: Property 'productStatus' does not exist on type '{ id: string; status: string; description: string | null; vendorId: string; clientId: string | null; product: string; totalValue: string; deadline: Date | null; orderNumber: string; ... 25 more ...; cancelledBy: string | null; }'.
server/routes.ts(9454,58): error TS2339: Property 'telefone' does not exist on type '{ address: string | null; id: string; name: string; email: string | null; phone: string | null; whatsapp: string | null; cpfCnpj: string | null; vendorId: string | null; nomeFantasia: string | null; ... 27 more ...; updatedAt: Date | null; }'.
server/routes.ts(9498,111): error TS2339: Property 'code' does not exist on type '{ type: string | null; id: string; height: string | null; name: string; width: string | null; description: string | null; createdAt: Date | null; unit: string | null; category: string | null; ... 17 more ...; ncm: string | null; }'.
server/routes.ts(9570,35): error TS2339: Property 'productStatus' does not exist on type '{ id: string; status: string; description: string | null; vendorId: string; clientId: string | null; product: string; totalValue: string; deadline: Date | null; orderNumber: string; ... 25 more ...; cancelledBy: string | null; }'.
server/routes.ts(9573,51): error TS2353: Object literal may only specify known properties, and 'productStatus' does not exist in type 'Partial<{ id: string; status: string; description: string | null; vendorId: string; clientId: string | null; product: string; totalValue: string; deadline: Date | null; orderNumber: string; ... 25 more ...; cancelledBy: string | null; }>'.
server/routes.ts(9655,37): error TS2339: Property 'productStatus' does not exist on type '{ id: string; status: string; description: string | null; vendorId: string; clientId: string | null; product: string; totalValue: string; deadline: Date | null; orderNumber: string; ... 25 more ...; cancelledBy: string | null; }'.
server/routes.ts(9664,37): error TS2339: Property 'items' does not exist on type '{ id: string; status: string; description: string | null; vendorId: string; clientId: string | null; product: string; totalValue: string; deadline: Date | null; orderNumber: string; ... 25 more ...; cancelledBy: string | null; }'.
server/routes.ts(9671,26): error TS2339: Property 'items' does not exist on type '{ id: string; status: string; description: string | null; vendorId: string; clientId: string | null; product: string; totalValue: string; deadline: Date | null; orderNumber: string; ... 25 more ...; cancelledBy: string | null; }'.
server/routes.ts(9673,36): error TS2339: Property 'items' does not exist on type '{ id: string; status: string; description: string | null; vendorId: string; clientId: string | null; product: string; totalValue: string; deadline: Date | null; orderNumber: string; ... 25 more ...; cancelledBy: string | null; }'.
server/routes.ts(9704,20): error TS2339: Property 'items' does not exist on type '{ id: string; status: string; description: string | null; vendorId: string; clientId: string | null; product: string; totalValue: string; deadline: Date | null; orderNumber: string; ... 25 more ...; cancelledBy: string | null; }'.
server/routes.ts(9764,22): error TS2339: Property 'shippingAddress' does not exist on type '{ id: string; status: string; description: string | null; vendorId: string; clientId: string | null; product: string; totalValue: string; deadline: Date | null; orderNumber: string; ... 25 more ...; cancelledBy: string | null; }'.
server/routes.ts(9936,34): error TS2339: Property 'producerId' does not exist on type '{ id: string; status: string; description: string | null; vendorId: string; clientId: string | null; product: string; totalValue: string; deadline: Date | null; orderNumber: string; ... 25 more ...; cancelledBy: string | null; }'.
server/routes.ts(9936,75): error TS2339: Property 'producerId' does not exist on type '{ id: string; status: string; description: string | null; vendorId: string; clientId: string | null; product: string; totalValue: string; deadline: Date | null; orderNumber: string; ... 25 more ...; cancelledBy: string | null; }'.
server/routes.ts(9941,22): error TS2339: Property 'shippingAddress' does not exist on type '{ id: string; status: string; description: string | null; vendorId: string; clientId: string | null; product: string; totalValue: string; deadline: Date | null; orderNumber: string; ... 25 more ...; cancelledBy: string | null; }'.
server/routes.ts(9998,7): error TS2322: Type 'string' is not assignable to type 'Date'.
server/routes.ts(10031,41): error TS2551: Property 'getPaymentData' does not exist on type 'PgStorage'. Did you mean 'getPayments'?
server/routes.ts(10047,21): error TS2339: Property 'updatePaymentData' does not exist on type 'PgStorage'.
server/routes.ts(10091,64): error TS2345: Argument of type 'string | null' is not assignable to parameter of type 'string'.
  Type 'null' is not assignable to type 'string'.
server/storage.pg.ts(233,33): error TS2353: Object literal may only specify known properties, and 'updatedAt' does not exist in type '{ role?: string | SQL<unknown> | PgColumn<ColumnBaseConfig<ColumnDataType, string>, {}, {}> | undefined; name?: string | SQL<unknown> | PgColumn<...> | undefined; ... 10 more ...; photoUrl?: string | ... 3 more ... | undefined; }'.
server/storage.pg.ts(454,61): error TS2769: No overload matches this call.
  Overload 1 of 2, '(value: { title: string | SQL<unknown> | Placeholder<string, any>; vendorId: string | SQL<unknown> | Placeholder<string, any>; totalValue: string | SQL<unknown> | Placeholder<...>; ... 30 more ...; adminRejectionReason?: string | ... 3 more ... | undefined; }): PgInsertBase<...>', gave the following error.
    Object literal may only specify known properties, and 'subtotal' does not exist in type '{ title: string | SQL<unknown> | Placeholder<string, any>; vendorId: string | SQL<unknown> | Placeholder<string, any>; totalValue: string | SQL<unknown> | Placeholder<...>; ... 30 more ...; adminRejectionReason?: string | ... 3 more ... | undefined; }'.
  Overload 2 of 2, '(values: { title: string | SQL<unknown> | Placeholder<string, any>; vendorId: string | SQL<unknown> | Placeholder<string, any>; totalValue: string | SQL<unknown> | Placeholder<...>; ... 30 more ...; adminRejectionReason?: string | ... 3 more ... | undefined; }[]): PgInsertBase<...>', gave the following error.
    Object literal may only specify known properties, and 'budgetNumber' does not exist in type '{ title: string | SQL<unknown> | Placeholder<string, any>; vendorId: string | SQL<unknown> | Placeholder<string, any>; totalValue: string | SQL<unknown> | Placeholder<...>; ... 30 more ...; adminRejectionReason?: string | ... 3 more ... | undefined; }[]'.
server/storage.pg.ts(764,65): error TS2769: No overload matches this call.
  Overload 1 of 2, '(value: { title: string | SQL<unknown> | Placeholder<string, any>; vendorId: string | SQL<unknown> | Placeholder<string, any>; totalValue: string | SQL<unknown> | Placeholder<...>; ... 30 more ...; adminRejectionReason?: string | ... 3 more ... | undefined; }): PgInsertBase<...>', gave the following error.
    Object literal may only specify known properties, and 'subtotal' does not exist in type '{ title: string | SQL<unknown> | Placeholder<string, any>; vendorId: string | SQL<unknown> | Placeholder<string, any>; totalValue: string | SQL<unknown> | Placeholder<...>; ... 30 more ...; adminRejectionReason?: string | ... 3 more ... | undefined; }'.
  Overload 2 of 2, '(values: { title: string | SQL<unknown> | Placeholder<string, any>; vendorId: string | SQL<unknown> | Placeholder<string, any>; totalValue: string | SQL<unknown> | Placeholder<...>; ... 30 more ...; adminRejectionReason?: string | ... 3 more ... | undefined; }[]): PgInsertBase<...>', gave the following error.
    Object literal may only specify known properties, and 'budgetNumber' does not exist in type '{ title: string | SQL<unknown> | Placeholder<string, any>; vendorId: string | SQL<unknown> | Placeholder<string, any>; totalValue: string | SQL<unknown> | Placeholder<...>; ... 30 more ...; adminRejectionReason?: string | ... 3 more ... | undefined; }[]'.
server/storage.pg.ts(864,11): error TS2353: Object literal may only specify known properties, and 'updatedAt' does not exist in type '{ type?: string | SQL<unknown> | PgColumn<ColumnBaseConfig<ColumnDataType, string>, {}, {}> | undefined; orderId?: string | SQL<unknown> | PgColumn<...> | undefined; ... 10 more ...; orderValue?: string | ... 3 more ... | undefined; }'.
server/storage.pg.ts(897,12): error TS2352: Conversion of type '{ id: any; orderNumber: any; clientId: any; vendorId: any; status: any; totalValue: any; paidValue: any; createdAt: any; updatedAt: any; branchId: any; notes: any; deliveryDate: any; shippingAddress: null; refundAmount: null; }[]' to type '{ id: string; status: string; description: string | null; vendorId: string; clientId: string | null; product: string; totalValue: string; deadline: Date | null; orderNumber: string; ... 25 more ...; cancelledBy: string | null; }[]' may be a mistake because neither type sufficiently overlaps with the other. If this was intentional, convert the expression to 'unknown' first.
  Type '{ id: any; orderNumber: any; clientId: any; vendorId: any; status: any; totalValue: any; paidValue: any; createdAt: any; updatedAt: any; branchId: any; notes: any; deliveryDate: any; shippingAddress: null; refundAmount: null; }' is missing the following properties from type '{ id: string; status: string; description: string | null; vendorId: string; clientId: string | null; product: string; totalValue: string; deadline: Date | null; orderNumber: string; ... 25 more ...; cancelledBy: string | null; }': description, product, deadline, contactPhone, and 20 more.
server/storage.pg.ts(985,69): error TS2304: Cannot find name 'ProductionOrderItem'.
server/storage.pg.ts(990,86): error TS2304: Cannot find name 'ProductionOrderItem'.
server/storage.pg.ts(994,36): error TS2304: Cannot find name 'InsertProductionOrderItem'.
server/storage.pg.ts(1024,106): error TS2304: Cannot find name 'ProductionOrderItem'.
server/storage.pg.ts(1816,51): error TS7006: Parameter 'item' implicitly has an 'any' type.
server/storage.pg.ts(1930,54): error TS2304: Cannot find name 'InsertBudget'.
server/storage.pg.ts(2077,39): error TS2802: Type 'MapIterator<[string, BudgetItem[]]>' can only be iterated through when using the '--downlevelIteration' flag or with a '--target' of 'es2015' or higher.
server/storage.pg.ts(2084,36): error TS7006: Parameter 'i' implicitly has an 'any' type.
server/storage.pg.ts(2095,40): error TS2304: Cannot find name 'InsertProductionOrderItem'.
server/storage.pg.ts(2133,51): error TS2304: Cannot find name 'BudgetItem'.
server/storage.pg.ts(2166,21): error TS2304: Cannot find name 'BudgetItem'.
server/storage.pg.ts(2169,81): error TS2304: Cannot find name 'BudgetItem'.
server/storage.pg.ts(2177,88): error TS2304: Cannot find name 'BudgetItem'.
server/storage.pg.ts(2199,9): error TS2353: Object literal may only specify known properties, and 'updatedAt' does not exist in type '{ quantity?: string | SQL<unknown> | PgColumn<ColumnBaseConfig<ColumnDataType, string>, {}, {}> | undefined; budgetId?: string | SQL<...> | PgColumn<...> | undefined; ... 22 more ...; purchaseStatus?: string | ... 3 more ... | undefined; }'.
server/storage.pg.ts(2214,14): error TS2769: No overload matches this call.
  Overload 1 of 3, '(left: PgColumn<{ name: "budget_id"; tableName: "budget_items"; dataType: "string"; columnType: "PgVarchar"; data: string; driverParam: string; notNull: true; hasDefault: false; isPrimaryKey: false; isAutoincrement: false; ... 4 more ...; generated: undefined; }, {}, { ...; }>, right: string | SQLWrapper): SQL<...>', gave the following error.
    Argument of type 'string | null' is not assignable to parameter of type 'string | SQLWrapper'.
      Type 'null' is not assignable to type 'string | SQLWrapper'.
  Overload 2 of 3, '(left: Aliased<string | null>, right: string | SQLWrapper | null): SQL<unknown>', gave the following error.
    Argument of type 'PgColumn<{ name: "budget_id"; tableName: "budget_items"; dataType: "string"; columnType: "PgVarchar"; data: string; driverParam: string; notNull: true; hasDefault: false; isPrimaryKey: false; isAutoincrement: false; ... 4 more ...; generated: undefined; }, {}, { ...; }>' is not assignable to parameter of type 'Aliased<string | null>'.
      Type 'PgColumn<{ name: "budget_id"; tableName: "budget_items"; dataType: "string"; columnType: "PgVarchar"; data: string; driverParam: string; notNull: true; hasDefault: false; isPrimaryKey: false; isAutoincrement: false; ... 4 more ...; generated: undefined; }, {}, { ...; }>' is missing the following properties from type 'Aliased<string | null>': sql, fieldAlias
  Overload 3 of 3, '(left: never, right: unknown): SQL<unknown>', gave the following error.
    Argument of type 'PgColumn<{ name: "budget_id"; tableName: "budget_items"; dataType: "string"; columnType: "PgVarchar"; data: string; driverParam: string; notNull: true; hasDefault: false; isPrimaryKey: false; isAutoincrement: false; ... 4 more ...; generated: undefined; }, {}, { ...; }>' is not assignable to parameter of type 'never'.
server/storage.pg.ts(2541,7): error TS2322: Type '{ id: string; importId: string; fitId: string; date: Date; hasValidDate: boolean; amount: string; description: string; memo: string; bankRef: string; originalType: any; type: string; status: string; ... 5 more ...; matchedEntityId: string | null; }[]' is not assignable to type '{ type: string; id: string; status: string; date: Date; description: string; createdAt: Date | null; notes: string | null; amount: string; updatedAt: Date | null; importId: string; ... 11 more ...; hasValidDate: boolean | null; }[]'.
  Type '{ id: string; importId: string; fitId: string; date: Date; hasValidDate: boolean; amount: string; description: string; memo: string; bankRef: string; originalType: any; type: string; status: string; ... 5 more ...; matchedEntityId: string | null; }' is missing the following properties from type '{ type: string; id: string; status: string; date: Date; description: string; createdAt: Date | null; notes: string | null; amount: string; updatedAt: Date | null; importId: string; ... 11 more ...; hasValidDate: boolean | null; }': createdAt, updatedAt, matchedReceivableId, sourceAccountId, rawFitId
server/storage.pg.ts(2551,27): error TS2339: Property 'originalType' does not exist on type '{ id: string; importId: string; fitId: string | null; date: Date; amount: string; description: string; type: string; bankRef: string | null; status: string; matchedReceivableId: string | null; ... 11 more ...; hasValidDate: boolean | null; }'.
server/storage.pg.ts(2588,9): error TS2353: Object literal may only specify known properties, and 'originalType' does not exist in type '{ type: string; id: string; status: string; date: Date; description: string; createdAt: Date | null; notes: string | null; amount: string; updatedAt: Date | null; importId: string; ... 11 more ...; hasValidDate: boolean | null; }'.
server/storage.pg.ts(2588,27): error TS2339: Property 'originalType' does not exist on type '{ id: string; importId: string; fitId: string | null; date: Date; amount: string; description: string; type: string; bankRef: string | null; status: string; matchedReceivableId: string | null; ... 11 more ...; hasValidDate: boolean | null; }'.
server/storage.pg.ts(2604,9): error TS2416: Property 'getBankTransactionByFitId' in type 'PgStorage' is not assignable to the same property in base type 'IStorage'.
  Type '(fitId: string) => Promise<{ type: string; id: string; status: string; date: Date; description: string; createdAt: Date | null; notes: string | null; amount: string; updatedAt: Date | null; ... 12 more ...; hasValidDate: boolean | null; } | null>' is not assignable to type '(fitId: string) => Promise<{ type: string; id: string; status: string; date: Date; description: string; createdAt: Date | null; notes: string | null; amount: string; updatedAt: Date | null; ... 12 more ...; hasValidDate: boolean | null; } | undefined>'.
    Type 'Promise<{ type: string; id: string; status: string; date: Date; description: string; createdAt: Date | null; notes: string | null; amount: string; updatedAt: Date | null; importId: string; ... 11 more ...; hasValidDate: boolean | null; } | null>' is not assignable to type 'Promise<{ type: string; id: string; status: string; date: Date; description: string; createdAt: Date | null; notes: string | null; amount: string; updatedAt: Date | null; importId: string; ... 11 more ...; hasValidDate: boolean | null; } | undefined>'.
      Type '{ type: string; id: string; status: string; date: Date; description: string; createdAt: Date | null; notes: string | null; amount: string; updatedAt: Date | null; importId: string; ... 11 more ...; hasValidDate: boolean | null; } | null' is not assignable to type '{ type: string; id: string; status: string; date: Date; description: string; createdAt: Date | null; notes: string | null; amount: string; updatedAt: Date | null; importId: string; ... 11 more ...; hasValidDate: boolean | null; } | undefined'.
        Type 'null' is not assignable to type '{ type: string; id: string; status: string; date: Date; description: string; createdAt: Date | null; notes: string | null; amount: string; updatedAt: Date | null; importId: string; ... 11 more ...; hasValidDate: boolean | null; } | undefined'.
server/storage.pg.ts(2623,9): error TS2353: Object literal may only specify known properties, and 'originalType' does not exist in type '{ type: string; id: string; status: string; date: Date; description: string; createdAt: Date | null; notes: string | null; amount: string; updatedAt: Date | null; importId: string; ... 11 more ...; hasValidDate: boolean | null; }'.
server/storage.pg.ts(2623,27): error TS2339: Property 'originalType' does not exist on type '{ id: string; importId: string; fitId: string | null; date: Date; amount: string; description: string; type: string; bankRef: string | null; status: string; matchedReceivableId: string | null; ... 11 more ...; hasValidDate: boolean | null; }'.
server/storage.pg.ts(2734,38): error TS2304: Cannot find name 'InsertManualReceivable'.
server/storage.pg.ts(2734,71): error TS2304: Cannot find name 'ManualReceivable'.
server/storage.pg.ts(2739,41): error TS2304: Cannot find name 'ManualReceivable'.
server/storage.pg.ts(2744,35): error TS2304: Cannot find name 'InsertManualPayable'.
server/storage.pg.ts(2744,65): error TS2304: Cannot find name 'ManualPayable'.
server/storage.pg.ts(2762,38): error TS2304: Cannot find name 'ManualPayable'.
server/storage.pg.ts(2767,47): error TS2304: Cannot find name 'ManualPayable'.
server/storage.pg.ts(2773,58): error TS2304: Cannot find name 'InsertManualPayable'.
server/storage.pg.ts(2773,89): error TS2304: Cannot find name 'ManualPayable'.
server/storage.ts(252,32): error TS2304: Cannot find name 'InsertManualReceivable'.
server/storage.ts(252,65): error TS2304: Cannot find name 'ManualReceivable'.
server/storage.ts(253,35): error TS2304: Cannot find name 'ManualReceivable'.
server/storage.ts(256,29): error TS2304: Cannot find name 'InsertManualPayable'.
server/storage.ts(256,59): error TS2304: Cannot find name 'ManualPayable'.
server/storage.ts(257,32): error TS2304: Cannot find name 'ManualPayable'.
server/storage.ts(258,41): error TS2304: Cannot find name 'ManualPayable'.
server/storage.ts(259,52): error TS2304: Cannot find name 'InsertManualPayable'.
server/storage.ts(259,83): error TS2304: Cannot find name 'ManualPayable'.
server/storage.ts(315,14): error TS2420: Class 'MemStorage' incorrectly implements interface 'IStorage'.
  Type 'MemStorage' is missing the following properties from type 'IStorage': deleteUser, getProductionOrderItems, createClientWithUser, getAccountsReceivableByOrder, and 2 more.
server/storage.ts(353,24): error TS2304: Cannot find name 'BudgetItem'.
server/storage.ts(382,7): error TS2322: Type 'string' is not assignable to type 'Date'.
server/storage.ts(383,7): error TS2322: Type 'string' is not assignable to type 'Date'.
server/storage.ts(392,7): error TS2322: Type 'string' is not assignable to type 'Date'.
server/storage.ts(393,7): error TS2322: Type 'string' is not assignable to type 'Date'.
server/storage.ts(402,7): error TS2322: Type 'string' is not assignable to type 'Date'.
server/storage.ts(403,7): error TS2322: Type 'string' is not assignable to type 'Date'.
server/storage.ts(417,7): error TS2322: Type 'string' is not assignable to type 'Date'.
server/storage.ts(418,7): error TS2322: Type 'string' is not assignable to type 'Date'.
server/storage.ts(428,7): error TS2322: Type 'string' is not assignable to type 'Date'.
server/storage.ts(429,7): error TS2322: Type 'string' is not assignable to type 'Date'.
server/storage.ts(439,7): error TS2322: Type 'string' is not assignable to type 'Date'.
server/storage.ts(440,7): error TS2322: Type 'string' is not assignable to type 'Date'.
server/storage.ts(472,10): error TS2551: Property 'commissionSettings' does not exist on type 'MemStorage'. Did you mean 'getCommissionSettings'?
server/storage.ts(535,17): error TS2393: Duplicate function implementation.
server/storage.ts(621,34): error TS2345: Argument of type '{ id: string; username: string; password: string; name: string; email: string; phone: null; vendorId: null; role: string; isActive: boolean; createdAt: Date; updatedAt: Date; }' is not assignable to parameter of type '{ address: string | null; id: string; role: string; name: string; email: string | null; password: string; username: string; phone: string | null; vendorId: string | null; isCommissioned: boolean | null; specialty: string | null; isActive: boolean | null; photoUrl: string | null; }'.
  Type '{ id: string; username: string; password: string; name: string; email: string; phone: null; vendorId: null; role: string; isActive: boolean; createdAt: Date; updatedAt: Date; }' is missing the following properties from type '{ address: string | null; id: string; role: string; name: string; email: string | null; password: string; username: string; phone: string | null; vendorId: string | null; isCommissioned: boolean | null; specialty: string | null; isActive: boolean | null; photoUrl: string | null; }': address, isCommissioned, specialty, photoUrl
server/storage.ts(637,35): error TS2345: Argument of type '{ id: string; username: string; password: string; name: string; email: string; phone: null; vendorId: string; role: string; isActive: boolean; createdAt: Date; updatedAt: Date; }' is not assignable to parameter of type '{ address: string | null; id: string; role: string; name: string; email: string | null; password: string; username: string; phone: string | null; vendorId: string | null; isCommissioned: boolean | null; specialty: string | null; isActive: boolean | null; photoUrl: string | null; }'.
  Type '{ id: string; username: string; password: string; name: string; email: string; phone: null; vendorId: string; role: string; isActive: boolean; createdAt: Date; updatedAt: Date; }' is missing the following properties from type '{ address: string | null; id: string; role: string; name: string; email: string | null; password: string; username: string; phone: string | null; vendorId: string | null; isCommissioned: boolean | null; specialty: string | null; isActive: boolean | null; photoUrl: string | null; }': address, isCommissioned, specialty, photoUrl
server/storage.ts(653,35): error TS2345: Argument of type '{ id: string; username: string; password: string; name: string; email: string; phone: null; vendorId: null; role: string; isActive: boolean; createdAt: Date; updatedAt: Date; }' is not assignable to parameter of type '{ address: string | null; id: string; role: string; name: string; email: string | null; password: string; username: string; phone: string | null; vendorId: string | null; isCommissioned: boolean | null; specialty: string | null; isActive: boolean | null; photoUrl: string | null; }'.
  Type '{ id: string; username: string; password: string; name: string; email: string; phone: null; vendorId: null; role: string; isActive: boolean; createdAt: Date; updatedAt: Date; }' is missing the following properties from type '{ address: string | null; id: string; role: string; name: string; email: string | null; password: string; username: string; phone: string | null; vendorId: string | null; isCommissioned: boolean | null; specialty: string | null; isActive: boolean | null; photoUrl: string | null; }': address, isCommissioned, specialty, photoUrl
server/storage.ts(669,37): error TS2345: Argument of type '{ id: string; username: string; password: string; name: string; email: string; phone: null; vendorId: null; role: string; isActive: boolean; createdAt: Date; updatedAt: Date; }' is not assignable to parameter of type '{ address: string | null; id: string; role: string; name: string; email: string | null; password: string; username: string; phone: string | null; vendorId: string | null; isCommissioned: boolean | null; specialty: string | null; isActive: boolean | null; photoUrl: string | null; }'.
  Type '{ id: string; username: string; password: string; name: string; email: string; phone: null; vendorId: null; role: string; isActive: boolean; createdAt: Date; updatedAt: Date; }' is missing the following properties from type '{ address: string | null; id: string; role: string; name: string; email: string | null; password: string; username: string; phone: string | null; vendorId: string | null; isCommissioned: boolean | null; specialty: string | null; isActive: boolean | null; photoUrl: string | null; }': address, isCommissioned, specialty, photoUrl
server/storage.ts(685,37): error TS2345: Argument of type '{ id: string; username: string; password: string; name: string; email: string; phone: null; vendorId: null; role: string; isActive: boolean; createdAt: Date; updatedAt: Date; }' is not assignable to parameter of type '{ address: string | null; id: string; role: string; name: string; email: string | null; password: string; username: string; phone: string | null; vendorId: string | null; isCommissioned: boolean | null; specialty: string | null; isActive: boolean | null; photoUrl: string | null; }'.
  Type '{ id: string; username: string; password: string; name: string; email: string; phone: null; vendorId: null; role: string; isActive: boolean; createdAt: Date; updatedAt: Date; }' is missing the following properties from type '{ address: string | null; id: string; role: string; name: string; email: string | null; password: string; username: string; phone: string | null; vendorId: string | null; isCommissioned: boolean | null; specialty: string | null; isActive: boolean | null; photoUrl: string | null; }': address, isCommissioned, specialty, photoUrl
server/storage.ts(700,37): error TS2345: Argument of type '{ id: string; username: string; password: string; name: string; email: string; phone: null; vendorId: null; role: string; isActive: boolean; createdAt: Date; updatedAt: Date; }' is not assignable to parameter of type '{ address: string | null; id: string; role: string; name: string; email: string | null; password: string; username: string; phone: string | null; vendorId: string | null; isCommissioned: boolean | null; specialty: string | null; isActive: boolean | null; photoUrl: string | null; }'.
  Type '{ id: string; username: string; password: string; name: string; email: string; phone: null; vendorId: null; role: string; isActive: boolean; createdAt: Date; updatedAt: Date; }' is missing the following properties from type '{ address: string | null; id: string; role: string; name: string; email: string | null; password: string; username: string; phone: string | null; vendorId: string | null; isCommissioned: boolean | null; specialty: string | null; isActive: boolean | null; photoUrl: string | null; }': address, isCommissioned, specialty, photoUrl
server/storage.ts(715,37): error TS2345: Argument of type '{ id: string; username: string; password: string; name: string; email: string; phone: null; vendorId: null; role: string; isActive: boolean; createdAt: Date; updatedAt: Date; }' is not assignable to parameter of type '{ address: string | null; id: string; role: string; name: string; email: string | null; password: string; username: string; phone: string | null; vendorId: string | null; isCommissioned: boolean | null; specialty: string | null; isActive: boolean | null; photoUrl: string | null; }'.
  Type '{ id: string; username: string; password: string; name: string; email: string; phone: null; vendorId: null; role: string; isActive: boolean; createdAt: Date; updatedAt: Date; }' is missing the following properties from type '{ address: string | null; id: string; role: string; name: string; email: string | null; password: string; username: string; phone: string | null; vendorId: string | null; isCommissioned: boolean | null; specialty: string | null; isActive: boolean | null; photoUrl: string | null; }': address, isCommissioned, specialty, photoUrl
server/storage.ts(731,38): error TS2345: Argument of type '{ id: string; username: string; password: string; name: string; email: string; phone: string; vendorId: null; role: string; isActive: boolean; createdAt: Date; updatedAt: Date; }' is not assignable to parameter of type '{ address: string | null; id: string; role: string; name: string; email: string | null; password: string; username: string; phone: string | null; vendorId: string | null; isCommissioned: boolean | null; specialty: string | null; isActive: boolean | null; photoUrl: string | null; }'.
  Type '{ id: string; username: string; password: string; name: string; email: string; phone: string; vendorId: null; role: string; isActive: boolean; createdAt: Date; updatedAt: Date; }' is missing the following properties from type '{ address: string | null; id: string; role: string; name: string; email: string | null; password: string; username: string; phone: string | null; vendorId: string | null; isCommissioned: boolean | null; specialty: string | null; isActive: boolean | null; photoUrl: string | null; }': address, isCommissioned, specialty, photoUrl
server/storage.ts(747,36): error TS2345: Argument of type '{ id: string; username: string; password: string; name: string; email: string; phone: string; vendorId: null; role: string; isActive: boolean; createdAt: Date; updatedAt: Date; }' is not assignable to parameter of type '{ address: string | null; id: string; role: string; name: string; email: string | null; password: string; username: string; phone: string | null; vendorId: string | null; isCommissioned: boolean | null; specialty: string | null; isActive: boolean | null; photoUrl: string | null; }'.
  Type '{ id: string; username: string; password: string; name: string; email: string; phone: string; vendorId: null; role: string; isActive: boolean; createdAt: Date; updatedAt: Date; }' is missing the following properties from type '{ address: string | null; id: string; role: string; name: string; email: string | null; password: string; username: string; phone: string | null; vendorId: string | null; isCommissioned: boolean | null; specialty: string | null; isActive: boolean | null; photoUrl: string | null; }': address, isCommissioned, specialty, photoUrl
server/storage.ts(752,11): error TS2322: Type '{ id: string; userId: string; name: string; email: string; phone: string; whatsapp: null; cpfCnpj: string; address: string; vendorId: string; userCode: string; isActive: true; createdAt: Date; updatedAt: Date; }' is not assignable to type '{ address: string | null; id: string; name: string; email: string | null; phone: string | null; whatsapp: string | null; cpfCnpj: string | null; vendorId: string | null; nomeFantasia: string | null; ... 27 more ...; updatedAt: Date | null; } & { ...; }'.
  Type '{ id: string; userId: string; name: string; email: string; phone: string; whatsapp: null; cpfCnpj: string; address: string; vendorId: string; userCode: string; isActive: true; createdAt: Date; updatedAt: Date; }' is missing the following properties from type '{ address: string | null; id: string; name: string; email: string | null; phone: string | null; whatsapp: string | null; cpfCnpj: string | null; vendorId: string | null; nomeFantasia: string | null; ... 27 more ...; updatedAt: Date | null; }': nomeFantasia, razaoSocial, inscricaoEstadual, logradouro, and 21 more.
server/storage.ts(768,11): error TS2322: Type '{ id: string; userId: null; name: string; email: string; phone: string; whatsapp: string; cpfCnpj: string; address: string; vendorId: string; userCode: string; isActive: true; createdAt: Date; updatedAt: Date; }' is not assignable to type '{ address: string | null; id: string; name: string; email: string | null; phone: string | null; whatsapp: string | null; cpfCnpj: string | null; vendorId: string | null; nomeFantasia: string | null; ... 27 more ...; updatedAt: Date | null; } & { ...; }'.
  Type '{ id: string; userId: null; name: string; email: string; phone: string; whatsapp: string; cpfCnpj: string; address: string; vendorId: string; userCode: string; isActive: true; createdAt: Date; updatedAt: Date; }' is missing the following properties from type '{ address: string | null; id: string; name: string; email: string | null; phone: string | null; whatsapp: string | null; cpfCnpj: string | null; vendorId: string | null; nomeFantasia: string | null; ... 27 more ...; updatedAt: Date | null; }': nomeFantasia, razaoSocial, inscricaoEstadual, logradouro, and 21 more.
server/storage.ts(784,11): error TS2322: Type '{ id: string; userId: null; name: string; email: string; phone: string; whatsapp: string; cpfCnpj: string; address: string; vendorId: string; userCode: string; isActive: true; createdAt: Date; updatedAt: Date; }' is not assignable to type '{ address: string | null; id: string; name: string; email: string | null; phone: string | null; whatsapp: string | null; cpfCnpj: string | null; vendorId: string | null; nomeFantasia: string | null; ... 27 more ...; updatedAt: Date | null; } & { ...; }'.
  Type '{ id: string; userId: null; name: string; email: string; phone: string; whatsapp: string; cpfCnpj: string; address: string; vendorId: string; userCode: string; isActive: true; createdAt: Date; updatedAt: Date; }' is missing the following properties from type '{ address: string | null; id: string; name: string; email: string | null; phone: string | null; whatsapp: string | null; cpfCnpj: string | null; vendorId: string | null; nomeFantasia: string | null; ... 27 more ...; updatedAt: Date | null; }': nomeFantasia, razaoSocial, inscricaoEstadual, logradouro, and 21 more.
server/storage.ts(800,11): error TS2322: Type '{ id: string; userId: null; name: string; email: string; phone: string; whatsapp: null; cpfCnpj: string; address: string; vendorId: string; userCode: string; isActive: true; createdAt: Date; updatedAt: Date; }' is not assignable to type '{ address: string | null; id: string; name: string; email: string | null; phone: string | null; whatsapp: string | null; cpfCnpj: string | null; vendorId: string | null; nomeFantasia: string | null; ... 27 more ...; updatedAt: Date | null; } & { ...; }'.
  Type '{ id: string; userId: null; name: string; email: string; phone: string; whatsapp: null; cpfCnpj: string; address: string; vendorId: string; userCode: string; isActive: true; createdAt: Date; updatedAt: Date; }' is missing the following properties from type '{ address: string | null; id: string; name: string; email: string | null; phone: string | null; whatsapp: string | null; cpfCnpj: string | null; vendorId: string | null; nomeFantasia: string | null; ... 27 more ...; updatedAt: Date | null; }': nomeFantasia, razaoSocial, inscricaoEstadual, logradouro, and 21 more.
server/storage.ts(816,11): error TS2322: Type '{ id: string; userId: null; name: string; email: string; phone: string; whatsapp: string; cpfCnpj: string; address: string; vendorId: string; userCode: string; isActive: true; createdAt: Date; updatedAt: Date; }' is not assignable to type '{ address: string | null; id: string; name: string; email: string | null; phone: string | null; whatsapp: string | null; cpfCnpj: string | null; vendorId: string | null; nomeFantasia: string | null; ... 27 more ...; updatedAt: Date | null; } & { ...; }'.
  Type '{ id: string; userId: null; name: string; email: string; phone: string; whatsapp: string; cpfCnpj: string; address: string; vendorId: string; userCode: string; isActive: true; createdAt: Date; updatedAt: Date; }' is missing the following properties from type '{ address: string | null; id: string; name: string; email: string | null; phone: string | null; whatsapp: string | null; cpfCnpj: string | null; vendorId: string | null; nomeFantasia: string | null; ... 27 more ...; updatedAt: Date | null; }': nomeFantasia, razaoSocial, inscricaoEstadual, logradouro, and 21 more.
server/storage.ts(839,112): error TS2339: Property 'userCode' does not exist on type '{ address: string | null; id: string; name: string; email: string | null; phone: string | null; whatsapp: string | null; cpfCnpj: string | null; vendorId: string | null; nomeFantasia: string | null; ... 27 more ...; updatedAt: Date | null; }'.
server/storage.ts(844,11): error TS2739: Type '{ id: string; username: string; password: string; role: string; name: string; email: string; phone: null; vendorId: null; isActive: true; }' is missing the following properties from type '{ address: string | null; id: string; role: string; name: string; email: string | null; password: string; username: string; phone: string | null; vendorId: string | null; isCommissioned: boolean | null; specialty: string | null; isActive: boolean | null; photoUrl: string | null; }': address, isCommissioned, specialty, photoUrl
server/storage.ts(856,11): error TS2739: Type '{ id: string; username: string; password: string; role: string; name: string; email: string; phone: null; vendorId: null; isActive: true; }' is missing the following properties from type '{ address: string | null; id: string; role: string; name: string; email: string | null; password: string; username: string; phone: string | null; vendorId: string | null; isCommissioned: boolean | null; specialty: string | null; isActive: boolean | null; photoUrl: string | null; }': address, isCommissioned, specialty, photoUrl
server/storage.ts(868,11): error TS2739: Type '{ id: string; username: string; password: string; role: string; name: string; email: string; phone: null; vendorId: string; isActive: true; }' is missing the following properties from type '{ address: string | null; id: string; role: string; name: string; email: string | null; password: string; username: string; phone: string | null; vendorId: string | null; isCommissioned: boolean | null; specialty: string | null; isActive: boolean | null; photoUrl: string | null; }': address, isCommissioned, specialty, photoUrl
server/storage.ts(880,11): error TS2739: Type '{ id: string; username: string; password: string; role: string; name: string; email: string; phone: null; vendorId: null; isActive: true; }' is missing the following properties from type '{ address: string | null; id: string; role: string; name: string; email: string | null; password: string; username: string; phone: string | null; vendorId: string | null; isCommissioned: boolean | null; specialty: string | null; isActive: boolean | null; photoUrl: string | null; }': address, isCommissioned, specialty, photoUrl
server/storage.ts(892,11): error TS2739: Type '{ id: string; username: string; password: string; role: string; name: string; email: string; phone: null; vendorId: null; isActive: true; }' is missing the following properties from type '{ address: string | null; id: string; role: string; name: string; email: string | null; password: string; username: string; phone: string | null; vendorId: string | null; isCommissioned: boolean | null; specialty: string | null; isActive: boolean | null; photoUrl: string | null; }': address, isCommissioned, specialty, photoUrl
server/storage.ts(904,11): error TS2739: Type '{ id: string; username: string; password: string; role: string; name: string; email: string; phone: null; vendorId: null; isActive: true; }' is missing the following properties from type '{ address: string | null; id: string; role: string; name: string; email: string | null; password: string; username: string; phone: string | null; vendorId: string | null; isCommissioned: boolean | null; specialty: string | null; isActive: boolean | null; photoUrl: string | null; }': address, isCommissioned, specialty, photoUrl
server/storage.ts(921,11): error TS2741: Property 'branchId' is missing in type '{ id: string; userId: string; salesLink: string; commissionRate: string; isActive: true; }' but required in type '{ id: string; userId: string; branchId: string | null; commissionRate: string | null; isActive: boolean | null; salesLink: string | null; }'.
server/storage.ts(931,11): error TS2740: Type '{ id: string; userId: string; name: string; email: string; phone: string; whatsapp: null; cpfCnpj: null; address: string; vendorId: string; isActive: true; createdAt: Date; updatedAt: Date; }' is missing the following properties from type '{ address: string | null; id: string; name: string; email: string | null; phone: string | null; whatsapp: string | null; cpfCnpj: string | null; vendorId: string | null; nomeFantasia: string | null; ... 27 more ...; updatedAt: Date | null; }': nomeFantasia, razaoSocial, inscricaoEstadual, logradouro, and 21 more.
server/storage.ts(946,11): error TS2740: Type '{ id: string; userId: null; name: string; email: string; phone: string; whatsapp: null; cpfCnpj: null; address: string; vendorId: string; isActive: true; createdAt: Date; updatedAt: Date; }' is missing the following properties from type '{ address: string | null; id: string; name: string; email: string | null; phone: string | null; whatsapp: string | null; cpfCnpj: string | null; vendorId: string | null; nomeFantasia: string | null; ... 27 more ...; updatedAt: Date | null; }': nomeFantasia, razaoSocial, inscricaoEstadual, logradouro, and 21 more.
server/storage.ts(965,11): error TS2740: Type '{ id: string; userId: null; name: string; email: string; phone: string; whatsapp: string; cpfCnpj: string; address: string; vendorId: string; isActive: true; createdAt: Date; updatedAt: Date; }' is missing the following properties from type '{ address: string | null; id: string; name: string; email: string | null; phone: string | null; whatsapp: string | null; cpfCnpj: string | null; vendorId: string | null; nomeFantasia: string | null; ... 27 more ...; updatedAt: Date | null; }': nomeFantasia, razaoSocial, inscricaoEstadual, logradouro, and 21 more.
server/storage.ts(980,11): error TS2740: Type '{ id: string; userId: null; name: string; email: string; phone: string; whatsapp: null; cpfCnpj: string; address: string; vendorId: string; isActive: true; createdAt: Date; updatedAt: Date; }' is missing the following properties from type '{ address: string | null; id: string; name: string; email: string | null; phone: string | null; whatsapp: string | null; cpfCnpj: string | null; vendorId: string | null; nomeFantasia: string | null; ... 27 more ...; updatedAt: Date | null; }': nomeFantasia, razaoSocial, inscricaoEstadual, logradouro, and 21 more.
server/storage.ts(995,11): error TS2740: Type '{ id: string; userId: null; name: string; email: string; phone: string; whatsapp: string; cpfCnpj: string; address: string; vendorId: string; isActive: true; createdAt: Date; updatedAt: Date; }' is missing the following properties from type '{ address: string | null; id: string; name: string; email: string | null; phone: string | null; whatsapp: string | null; cpfCnpj: string | null; vendorId: string | null; nomeFantasia: string | null; ... 27 more ...; updatedAt: Date | null; }': nomeFantasia, razaoSocial, inscricaoEstadual, logradouro, and 21 more.
server/storage.ts(1286,11): error TS2322: Type '{ id: `${string}-${string}-${string}-${string}-${string}`; vendorId: string | null; email: string | null; phone: string | null; address: string | null; specialty: string | null; isActive: boolean | null; ... 5 more ...; photoUrl?: string | ... 1 more ... | undefined; }' is not assignable to type '{ address: string | null; id: string; role: string; name: string; email: string | null; password: string; username: string; phone: string | null; vendorId: string | null; isCommissioned: boolean | null; specialty: string | null; isActive: boolean | null; photoUrl: string | null; }'.
  Types of property 'isCommissioned' are incompatible.
    Type 'boolean | null | undefined' is not assignable to type 'boolean | null'.
      Type 'undefined' is not assignable to type 'boolean | null'.
server/storage.ts(1338,11): error TS2741: Property 'photoUrl' is missing in type '{ id: `${string}-${string}-${string}-${string}-${string}`; username: any; password: any; role: string; name: any; email: any; phone: any; address: any; specialty: any; vendorId: null; isActive: true; isCommissioned: boolean; }' but required in type '{ address: string | null; id: string; role: string; name: string; email: string | null; password: string; username: string; phone: string | null; vendorId: string | null; isCommissioned: boolean | null; specialty: string | null; isActive: boolean | null; photoUrl: string | null; }'.
server/storage.ts(1396,28): error TS2339: Property 'branchId' does not exist on type '{ name: string; address?: string | null | undefined; email?: string | null | undefined; phone?: string | null | undefined; whatsapp?: string | null | undefined; cpfCnpj?: string | null | undefined; ... 27 more ...; isActive?: boolean | ... 1 more ... | undefined; } & { ...; }'.
server/storage.ts(1414,28): error TS2339: Property 'branchId' does not exist on type '{ name: string; address?: string | null | undefined; email?: string | null | undefined; phone?: string | null | undefined; whatsapp?: string | null | undefined; cpfCnpj?: string | null | undefined; ... 27 more ...; isActive?: boolean | ... 1 more ... | undefined; } & { ...; }'.
server/storage.ts(1415,7): error TS2322: Type 'string | null' is not assignable to type 'string | undefined'.
  Type 'null' is not assignable to type 'string | undefined'.
server/storage.ts(1518,24): error TS2353: Object literal may only specify known properties, and 'items' does not exist in type '{ id: string; status: string; description: string | null; vendorId: string; clientId: string | null; product: string; totalValue: string; deadline: Date | null; orderNumber: string; ... 25 more ...; cancelledBy: string | null; }'.
server/storage.ts(1528,7): error TS2353: Object literal may only specify known properties, and 'producerId' does not exist in type '{ id: string; status: string; description: string | null; vendorId: string; clientId: string | null; product: string; totalValue: string; deadline: Date | null; orderNumber: string; ... 25 more ...; cancelledBy: string | null; }'.
server/storage.ts(1528,29): error TS2339: Property 'producerId' does not exist on type '{ vendorId: string; product: string; totalValue: string; orderNumber: string; contactName: string; status?: string | undefined; description?: string | null | undefined; clientId?: string | null | undefined; ... 23 more ...; cancelledBy?: string | ... 1 more ... | undefined; }'.
server/storage.ts(1545,24): error TS2339: Property 'items' does not exist on type '{ vendorId: string; product: string; totalValue: string; orderNumber: string; contactName: string; status?: string | undefined; description?: string | null | undefined; clientId?: string | null | undefined; ... 23 more ...; cancelledBy?: string | ... 1 more ... | undefined; }'.
server/storage.ts(1549,58): error TS18047: 'orderData.downPayment' is possibly 'null'.
server/storage.ts(1550,66): error TS18047: 'orderData.remainingAmount' is possibly 'null'.
server/storage.ts(1551,60): error TS18047: 'orderData.shippingCost' is possibly 'null'.
server/storage.ts(1554,72): error TS18047: 'orderData.discountPercentage' is possibly 'null'.
server/storage.ts(1555,62): error TS18047: 'orderData.discountValue' is possibly 'null'.
server/storage.ts(1629,7): error TS2322: Type 'string | null' is not assignable to type 'string'.
  Type 'null' is not assignable to type 'string'.
server/storage.ts(1634,7): error TS2322: Type 'Date | null' is not assignable to type 'Date'.
  Type 'null' is not assignable to type 'Date'.
server/storage.ts(1855,51): error TS2345: Argument of type 'string | null' is not assignable to parameter of type 'string'.
  Type 'null' is not assignable to type 'string'.
server/storage.ts(1944,11): error TS2322: Type '{ id: `${string}-${string}-${string}-${string}-${string}`; status: string; deadline: Date | null; acceptedAt: Date | null; completedAt: Date | null; notes: string | null; deliveryDeadline: Date | null; ... 12 more ...; producerPaymentStatus?: string | ... 1 more ... | undefined; }' is not assignable to type '{ id: string; status: string; deadline: Date | null; orderId: string; shippingAddress: string | null; deliveryDeadline: Date | null; notes: string | null; producerId: string; ... 10 more ...; producerPaymentStatus: string | null; } & { ...; }'.
  Type '{ id: `${string}-${string}-${string}-${string}-${string}`; status: string; deadline: Date | null; acceptedAt: Date | null; completedAt: Date | null; notes: string | null; deliveryDeadline: Date | null; ... 12 more ...; producerPaymentStatus?: string | ... 1 more ... | undefined; }' is not assignable to type '{ id: string; status: string; deadline: Date | null; orderId: string; shippingAddress: string | null; deliveryDeadline: Date | null; notes: string | null; producerId: string; ... 10 more ...; producerPaymentStatus: string | null; }'.
    Types of property 'producerNotes' are incompatible.
      Type 'string | null | undefined' is not assignable to type 'string | null'.
        Type 'undefined' is not assignable to type 'string | null'.
server/storage.ts(2158,9): error TS2393: Duplicate function implementation.
server/storage.ts(2169,13): error TS2739: Type '{ id: string; vendorId: string; orderId: string; percentage: string; amount: string; status: string; type: string; orderValue: string; orderNumber: string; paidAt: null; createdAt: Date; }' is missing the following properties from type '{ type: string; id: string; status: string; vendorId: string | null; orderId: string; orderNumber: string | null; createdAt: Date | null; percentage: string; partnerId: string | null; amount: string; paidAt: Date | null; deductedAt: Date | null; orderValue: string | null; }': partnerId, deductedAt
server/storage.ts(2193,15): error TS2739: Type '{ id: string; partnerId: string; orderId: string; percentage: string; amount: string; status: string; type: string; orderValue: string; orderNumber: string; paidAt: Date; createdAt: Date; }' is missing the following properties from type '{ type: string; id: string; status: string; vendorId: string | null; orderId: string; orderNumber: string | null; createdAt: Date | null; percentage: string; partnerId: string | null; amount: string; paidAt: Date | null; deductedAt: Date | null; orderValue: string | null; }': vendorId, deductedAt
server/storage.ts(2337,32): error TS2769: No overload matches this call.
  Overload 1 of 4, '(value: string | number | Date): Date', gave the following error.
    Argument of type 'Date | null' is not assignable to parameter of type 'string | number | Date'.
      Type 'null' is not assignable to type 'string | number | Date'.
  Overload 2 of 4, '(value: string | number): Date', gave the following error.
    Argument of type 'Date | null' is not assignable to parameter of type 'string | number'.
      Type 'null' is not assignable to type 'string | number'.
server/storage.ts(2337,66): error TS2769: No overload matches this call.
  Overload 1 of 4, '(value: string | number | Date): Date', gave the following error.
    Argument of type 'Date | null' is not assignable to parameter of type 'string | number | Date'.
      Type 'null' is not assignable to type 'string | number | Date'.
  Overload 2 of 4, '(value: string | number): Date', gave the following error.
    Argument of type 'Date | null' is not assignable to parameter of type 'string | number'.
      Type 'null' is not assignable to type 'string | number'.
server/storage.ts(2420,11): error TS2739: Type '{ id: `${string}-${string}-${string}-${string}-${string}`; username: any; password: any; role: string; name: any; email: any; phone: any; address: any; specialty: any; vendorId: null; isActive: true; }' is missing the following properties from type '{ address: string | null; id: string; role: string; name: string; email: string | null; password: string; username: string; phone: string | null; vendorId: string | null; isCommissioned: boolean | null; specialty: string | null; isActive: boolean | null; photoUrl: string | null; }': isCommissioned, photoUrl
server/storage.ts(2470,17): error TS2551: Property 'commissionSettings' does not exist on type 'MemStorage'. Did you mean 'getCommissionSettings'?
server/storage.ts(2474,10): error TS2551: Property 'commissionSettings' does not exist on type 'MemStorage'. Did you mean 'getCommissionSettings'?
server/storage.ts(2475,15): error TS2551: Property 'commissionSettings' does not exist on type 'MemStorage'. Did you mean 'getCommissionSettings'?
server/storage.ts(2479,17): error TS2551: Property 'commissionSettings' does not exist on type 'MemStorage'. Did you mean 'getCommissionSettings'?
server/storage.ts(2654,21): error TS2345: Argument of type '{ item: any; error: string; }' is not assignable to parameter of type 'string'.
server/storage.ts(2682,40): error TS2802: Type 'ArrayIterator<[number, any]>' can only be iterated through when using the '--downlevelIteration' flag or with a '--target' of 'es2015' or higher.
server/storage.ts(2802,33): error TS2802: Type 'Map<string, any>' can only be iterated through when using the '--downlevelIteration' flag or with a '--target' of 'es2015' or higher.
server/storage.ts(3058,51): error TS7006: Parameter 'item' implicitly has an 'any' type.
server/storage.ts(3085,54): error TS2353: Object literal may only specify known properties, and 'photoUrl' does not exist in type '{ imageUrl: string; description?: string | undefined; }'.
server/storage.ts(3153,36): error TS2802: Type 'MapIterator<[string, any]>' can only be iterated through when using the '--downlevelIteration' flag or with a '--target' of 'es2015' or higher.
server/storage.ts(3154,37): error TS2802: Type 'MapIterator<[string, any]>' can only be iterated through when using the '--downlevelIteration' flag or with a '--target' of 'es2015' or higher.
server/storage.ts(3297,7): error TS2322: Type 'string | number' is not assignable to type 'string | null | undefined'.
  Type 'number' is not assignable to type 'string'.
server/storage.ts(3298,7): error TS2322: Type 'string | number' is not assignable to type 'string | null | undefined'.
  Type 'number' is not assignable to type 'string'.
server/storage.ts(3299,7): error TS2322: Type 'string | number' is not assignable to type 'string | null | undefined'.
  Type 'number' is not assignable to type 'string'.
server/storage.ts(3480,36): error TS2802: Type 'MapIterator<[string, any]>' can only be iterated through when using the '--downlevelIteration' flag or with a '--target' of 'es2015' or higher.
server/storage.ts(3522,7): error TS2322: Type 'string' is not assignable to type 'Date'.
server/storage.ts(3545,7): error TS2322: Type 'string' is not assignable to type 'Date'.
server/storage.ts(3546,7): error TS2322: Type 'string' is not assignable to type 'Date'.
server/storage.ts(3558,9): error TS2322: Type 'string' is not assignable to type 'Date'.
server/storage.ts(3587,7): error TS2322: Type 'string' is not assignable to type 'Date'.
server/storage.ts(3588,7): error TS2322: Type 'string' is not assignable to type 'Date'.
server/storage.ts(3600,9): error TS2322: Type 'string' is not assignable to type 'Date'.
server/storage.ts(3625,7): error TS2322: Type 'string' is not assignable to type 'Date'.
server/storage.ts(4010,39): error TS2345: Argument of type '{ id: string; orderId: any; clientId: any; vendorId: any; dueDate: any; amount: any; receivedAmount: string; minimumPayment: any; status: any; notes: any; createdAt: string; updatedAt: string; }' is not assignable to parameter of type '{ id: string; status: string; vendorId: string; clientId: string; orderId: string; createdAt: Date | null; notes: string | null; amount: string; dueDate: Date; updatedAt: Date | null; receivedAmount: string | null; minimumPayment: string | null; }'.
  Types of property 'createdAt' are incompatible.
    Type 'string' is not assignable to type 'Date'.
server/storage.ts(4056,42): error TS2345: Argument of type 'string | null' is not assignable to parameter of type 'string'.
  Type 'null' is not assignable to type 'string'.
server/storage.ts(4065,43): error TS2345: Argument of type 'string | 0' is not assignable to parameter of type 'string'.
  Type 'number' is not assignable to type 'string'.
server/storage.ts(4074,18): error TS18047: 'receivable.minimumPayment' is possibly 'null'.
server/storage.ts(4074,18): error TS2365: Operator '>' cannot be applied to types 'string' and 'number'.
server/storage.ts(4107,7): error TS2353: Object literal may only specify known properties, and 'processedTransactions' does not exist in type '{ summary: string | null; id: string; status: string; uploadedAt: Date | null; filename: string; uploadedBy: string; errorMessage: string | null; fileSize: number | null; transactionCount: number | null; } & { ...; }'.
server/storage.ts(4107,35): error TS2339: Property 'processedTransactions' does not exist on type '{ filename: string; uploadedBy: string; summary?: string | null | undefined; status?: string | undefined; errorMessage?: string | null | undefined; fileSize?: number | null | undefined; transactionCount?: number | ... 1 more ... | undefined; } & { ...; }'.
server/storage.ts(4108,33): error TS2339: Property 'skippedTransactions' does not exist on type '{ filename: string; uploadedBy: string; summary?: string | null | undefined; status?: string | undefined; errorMessage?: string | null | undefined; fileSize?: number | null | undefined; transactionCount?: number | ... 1 more ... | undefined; } & { ...; }'.
server/storage.ts(4153,11): error TS2322: Type '{ id: `${string}-${string}-${string}-${string}-${string}`; status: string; matchedReceivableId: string | null; matchedPaymentId: string | null; matchedOrderId: string | null; matchedAt: Date | null; ... 15 more ...; hasValidDate?: boolean | ... 1 more ... | undefined; }' is not assignable to type '{ type: string; id: string; status: string; date: Date; description: string; createdAt: Date | null; notes: string | null; amount: string; updatedAt: Date | null; importId: string; ... 11 more ...; hasValidDate: boolean | null; }'.
  Types of property 'type' are incompatible.
    Type 'string | undefined' is not assignable to type 'string'.
      Type 'undefined' is not assignable to type 'string'.
server/storage.ts(4227,7): error TS2353: Object literal may only specify known properties, and 'updatedAt' does not exist in type '{ id: string; status: string; date: Date; description: string; vendorId: string | null; orderId: string | null; createdAt: Date | null; category: string; amount: string; attachmentUrl: string | null; ... 4 more ...; reimbursedAt: Date | null; }'.
server/storage.ts(4241,7): error TS2353: Object literal may only specify known properties, and 'updatedAt' does not exist in type '{ id: string; status: string; date: Date; description: string; vendorId: string | null; orderId: string | null; createdAt: Date | null; category: string; amount: string; attachmentUrl: string | null; ... 4 more ...; reimbursedAt: Date | null; }'.
server/storage.ts(4246,7): error TS2322: Type 'string | null | undefined' is not assignable to type 'string | null'.
  Type 'undefined' is not assignable to type 'string | null'.
server/storage.ts(4260,11): error TS2322: Type '{ createdAt: Date; type: string; userId: string; amount: string; createdBy: string; periodStart: Date; periodEnd: Date; status?: string | undefined; notes?: string | null | undefined; paidAt?: Date | ... 1 more ... | undefined; id: `${string}-${string}-${string}-${string}-${string}`; }' is not assignable to type '{ type: string; id: string; status: string; userId: string; createdAt: Date | null; notes: string | null; amount: string; createdBy: string; paidAt: Date | null; periodStart: Date; periodEnd: Date; }'.
  Types of property 'status' are incompatible.
    Type 'string | undefined' is not assignable to type 'string'.
      Type 'undefined' is not assignable to type 'string'.
server/storage.ts(4284,7): error TS2353: Object literal may only specify known properties, and 'updatedAt' does not exist in type '{ type: string; id: string; status: string; userId: string; createdAt: Date | null; notes: string | null; amount: string; createdBy: string; paidAt: Date | null; periodStart: Date; periodEnd: Date; }'.
server/storage.ts(4296,11): error TS2322: Type '{ createdAt: Date; updatedAt: Date; name: string; category: string; minQuantity: number; price: string; createdBy: string; description?: string | null | undefined; isActive?: boolean | null | undefined; id: `${string}-${string}-${string}-${string}-${string}`; }' is not assignable to type '{ id: string; name: string; description: string | null; createdAt: Date | null; category: string; isActive: boolean | null; minQuantity: number; price: string; updatedAt: Date | null; createdBy: string; }'.
  Types of property 'description' are incompatible.
    Type 'string | null | undefined' is not assignable to type 'string | null'.
      Type 'undefined' is not assignable to type 'string | null'.
server/storage.ts(4399,11): error TS2322: Type '{ createdAt: Date; updatedAt: Date; reconciliationStatus: string; bankTransactionId: string | null; producerId: string; productionOrderId: string; amount: string; status?: string | undefined; ... 6 more ...; id: `${string}-${string}-${string}-${string}-${string}`; }' is not assignable to type '{ id: string; status: string; createdAt: Date | null; notes: string | null; producerId: string; productionOrderId: string; amount: string; paymentMethod: string | null; updatedAt: Date | null; ... 5 more ...; approvedAt: Date | null; }'.
  Types of property 'status' are incompatible.
    Type 'string | undefined' is not assignable to type 'string'.
      Type 'undefined' is not assignable to type 'string'.
server/storage.ts(4570,46): error TS7006: Parameter 'total' implicitly has an 'any' type.
server/storage.ts(4570,53): error TS7006: Parameter 'p' implicitly has an 'any' type.
server/storage.ts(4628,48): error TS2304: Cannot find name 'matchingRequests'.
server/storage.ts(4628,75): error TS7006: Parameter 'request' implicitly has an 'any' type.
server/storage.ts(4645,46): error TS7006: Parameter 'total' implicitly has an 'any' type.
server/storage.ts(4645,53): error TS7006: Parameter 'p' implicitly has an 'any' type.
server/storage.ts(4770,11): error TS2322: Type '{ isHeadquarters: boolean; isActive: boolean | null; createdAt: Date; updatedAt: Date; name: string; city: string; address?: string | null | undefined; email?: string | null | undefined; ... 9 more ...; id: `${string}-${string}-${string}-${string}-${string}`; }' is not assignable to type '{ address: string | null; id: string; name: string; email: string | null; phone: string | null; logradouro: string | null; numero: string | null; complemento: string | null; bairro: string | null; ... 8 more ...; telefone: string | null; }'.
  Types of property 'address' are incompatible.
    Type 'string | null | undefined' is not assignable to type 'string | null'.
      Type 'undefined' is not assignable to type 'string | null'.
server/storage.ts(4880,48): error TS2769: No overload matches this call.
  Overload 1 of 4, '(value: string | number | Date): Date', gave the following error.
    Argument of type 'Date | null' is not assignable to parameter of type 'string | number | Date'.
      Type 'null' is not assignable to type 'string | number | Date'.
  Overload 2 of 4, '(value: string | number): Date', gave the following error.
    Argument of type 'Date | null' is not assignable to parameter of type 'string | number'.
      Type 'null' is not assignable to type 'string | number'.
server/storage.ts(4884,48): error TS2769: No overload matches this call.
  Overload 1 of 4, '(value: string | number | Date): Date', gave the following error.
    Argument of type 'Date | null' is not assignable to parameter of type 'string | number | Date'.
      Type 'null' is not assignable to type 'string | number | Date'.
  Overload 2 of 4, '(value: string | number): Date', gave the following error.
    Argument of type 'Date | null' is not assignable to parameter of type 'string | number'.
      Type 'null' is not assignable to type 'string | number'.
server/storage.ts(4888,48): error TS2769: No overload matches this call.
  Overload 1 of 4, '(value: string | number | Date): Date', gave the following error.
    Argument of type 'Date | null' is not assignable to parameter of type 'string | number | Date'.
      Type 'null' is not assignable to type 'string | number | Date'.
  Overload 2 of 4, '(value: string | number): Date', gave the following error.
    Argument of type 'Date | null' is not assignable to parameter of type 'string | number'.
      Type 'null' is not assignable to type 'string | number'.
server/storage.ts(4895,34): error TS2769: No overload matches this call.
  Overload 1 of 4, '(value: string | number | Date): Date', gave the following error.
    Argument of type 'Date | null' is not assignable to parameter of type 'string | number | Date'.
      Type 'null' is not assignable to type 'string | number | Date'.
  Overload 2 of 4, '(value: string | number): Date', gave the following error.
    Argument of type 'Date | null' is not assignable to parameter of type 'string | number'.
      Type 'null' is not assignable to type 'string | number'.
server/storage.ts(4895,68): error TS2769: No overload matches this call.
  Overload 1 of 4, '(value: string | number | Date): Date', gave the following error.
    Argument of type 'Date | null' is not assignable to parameter of type 'string | number | Date'.
      Type 'null' is not assignable to type 'string | number | Date'.
  Overload 2 of 4, '(value: string | number): Date', gave the following error.
    Argument of type 'Date | null' is not assignable to parameter of type 'string | number'.
      Type 'null' is not assignable to type 'string | number'.
server/storage.ts(4902,11): error TS2322: Type '{ id: `${string}-${string}-${string}-${string}-${string}`; createdAt: Date; details: string | null; vendorId: string | null; ipAddress: string | null; userAgent: string | null; action: string; ... 6 more ...; entityId?: string | ... 1 more ... | undefined; }' is not assignable to type '{ details: string | null; id: string; action: string; description: string; vendorId: string | null; userId: string | null; createdAt: Date | null; level: string; userName: string; ... 4 more ...; userAgent: string | null; }'.
  Types of property 'userId' are incompatible.
    Type 'string | null | undefined' is not assignable to type 'string | null'.
      Type 'undefined' is not assignable to type 'string | null'.
